May 04 11:55:51 kernel: Linux version 6.13.11-200.fc41.x86_64 (mockbuild@fcf5690cacf1407ea15fadfe8861ad32) (gcc (GCC) 14.2.1 20250110 (Red Hat 14.2.1-7), GNU ld version 2.43.1-5.fc41) #1 SMP PREEMPT_DYNAMIC Thu Apr 10 19:02:09 UTC 2025
May 04 11:55:51 kernel: Command line: BOOT_IMAGE=(hd0,gpt2)/vmlinuz-6.13.11-200.fc41.x86_64 root=UUID=febf207b-146b-4f10-b057-f63441b6fe25 ro rootflags=subvol=root rd.luks.uuid=luks-0d06368d-c7ea-45c5-af4d-3c6fbd6a4cb5 rhgb quiet
May 04 11:55:51 kernel: x86/split lock detection: #DB: warning on user-space bus_locks
May 04 11:55:51 kernel: BIOS-provided physical RAM map:
May 04 11:55:51 kernel: BIOS-e820: [mem 0x0000000000000000-0x000000000009ffff] usable
May 04 11:55:51 kernel: BIOS-e820: [mem 0x00000000000a0000-0x00000000000fffff] reserved
May 04 11:55:51 kernel: BIOS-e820: [mem 0x0000000000100000-0x0000000009afefff] usable
May 04 11:55:51 kernel: BIOS-e820: [mem 0x0000000009aff000-0x0000000009ffffff] reserved
May 04 11:55:51 kernel: BIOS-e820: [mem 0x000000000a000000-0x000000000a1fffff] usable
May 04 11:55:51 kernel: BIOS-e820: [mem 0x000000000a200000-0x000000000a21dfff] ACPI NVS
May 04 11:55:51 kernel: BIOS-e820: [mem 0x000000000a21e000-0x000000000affffff] usable
May 04 11:55:51 kernel: BIOS-e820: [mem 0x000000000b000000-0x000000000b020fff] reserved
May 04 11:55:51 kernel: BIOS-e820: [mem 0x000000000b021000-0x0000000087ffcfff] usable
May 04 11:55:51 kernel: BIOS-e820: [mem 0x0000000087ffd000-0x000000008dffcfff] reserved
May 04 11:55:51 kernel: BIOS-e820: [mem 0x000000008dffd000-0x000000008e27efff] ACPI data
May 04 11:55:51 kernel: BIOS-e820: [mem 0x000000008e27f000-0x000000009027efff] ACPI NVS
May 04 11:55:51 kernel: BIOS-e820: [mem 0x000000009027f000-0x00000000983fefff] reserved
May 04 11:55:51 kernel: BIOS-e820: [mem 0x00000000983ff000-0x0000000099ff6fff] usable
May 04 11:55:51 kernel: BIOS-e820: [mem 0x0000000099ff7000-0x0000000099ffbfff] reserved
May 04 11:55:51 kernel: BIOS-e820: [mem 0x0000000099ffc000-0x0000000099ffffff] usable
May 04 11:55:51 kernel: BIOS-e820: [mem 0x000000009a000000-0x000000009bffffff] reserved
May 04 11:55:51 kernel: BIOS-e820: [mem 0x000000009d7f3000-0x000000009fffffff] reserved
May 04 11:55:51 kernel: BIOS-e820: [mem 0x00000000e0000000-0x00000000efffffff] reserved
May 04 11:55:51 kernel: BIOS-e820: [mem 0x00000000f7000000-0x00000000ffffffff] reserved
May 04 11:55:51 kernel: BIOS-e820: [mem 0x0000000100000000-0x0000000fddd7ffff] usable
May 04 11:55:51 kernel: BIOS-e820: [mem 0x0000000fdedc0000-0x00000010801fffff] reserved
May 04 11:55:51 kernel: BIOS-e820: [mem 0x000000fd00000000-0x000000ffffffffff] reserved
May 04 11:55:51 kernel: NX (Execute Disable) protection: active
May 04 11:55:51 kernel: APIC: Static calls initialized
May 04 11:55:51 kernel: e820: update [mem 0x7f1ae018-0x7f1c7057] usable ==> usable
May 04 11:55:51 kernel: e820: update [mem 0x7f19f018-0x7f1ad057] usable ==> usable
May 04 11:55:51 kernel: e820: update [mem 0x7f194018-0x7f19ee57] usable ==> usable
May 04 11:55:51 kernel: extended physical RAM map:
May 04 11:55:51 kernel: reserve setup_data: [mem 0x0000000000000000-0x000000000009ffff] usable
May 04 11:55:51 kernel: reserve setup_data: [mem 0x00000000000a0000-0x00000000000fffff] reserved
May 04 11:55:51 kernel: reserve setup_data: [mem 0x0000000000100000-0x0000000009afefff] usable
May 04 11:55:51 kernel: reserve setup_data: [mem 0x0000000009aff000-0x0000000009ffffff] reserved
May 04 11:55:51 kernel: reserve setup_data: [mem 0x000000000a000000-0x000000000a1fffff] usable
May 04 11:55:51 kernel: reserve setup_data: [mem 0x000000000a200000-0x000000000a21dfff] ACPI NVS
May 04 11:55:51 kernel: reserve setup_data: [mem 0x000000000a21e000-0x000000000affffff] usable
May 04 11:55:51 kernel: reserve setup_data: [mem 0x000000000b000000-0x000000000b020fff] reserved
May 04 11:55:51 kernel: reserve setup_data: [mem 0x000000000b021000-0x000000007f194017] usable
May 04 11:55:51 kernel: reserve setup_data: [mem 0x000000007f194018-0x000000007f19ee57] usable
May 04 11:55:51 kernel: reserve setup_data: [mem 0x000000007f19ee58-0x000000007f19f017] usable
May 04 11:55:51 kernel: reserve setup_data: [mem 0x000000007f19f018-0x000000007f1ad057] usable
May 04 11:55:51 kernel: reserve setup_data: [mem 0x000000007f1ad058-0x000000007f1ae017] usable
May 04 11:55:51 kernel: reserve setup_data: [mem 0x000000007f1ae018-0x000000007f1c7057] usable
May 04 11:55:51 kernel: reserve setup_data: [mem 0x000000007f1c7058-0x0000000087ffcfff] usable
May 04 11:55:51 kernel: reserve setup_data: [mem 0x0000000087ffd000-0x000000008dffcfff] reserved
May 04 11:55:51 kernel: reserve setup_data: [mem 0x000000008dffd000-0x000000008e27efff] ACPI data
May 04 11:55:51 kernel: reserve setup_data: [mem 0x000000008e27f000-0x000000009027efff] ACPI NVS
May 04 11:55:51 kernel: reserve setup_data: [mem 0x000000009027f000-0x00000000983fefff] reserved
May 04 11:55:51 kernel: reserve setup_data: [mem 0x00000000983ff000-0x0000000099ff6fff] usable
May 04 11:55:51 kernel: reserve setup_data: [mem 0x0000000099ff7000-0x0000000099ffbfff] reserved
May 04 11:55:51 kernel: reserve setup_data: [mem 0x0000000099ffc000-0x0000000099ffffff] usable
May 04 11:55:51 kernel: reserve setup_data: [mem 0x000000009a000000-0x000000009bffffff] reserved
May 04 11:55:51 kernel: reserve setup_data: [mem 0x000000009d7f3000-0x000000009fffffff] reserved
May 04 11:55:51 kernel: reserve setup_data: [mem 0x00000000e0000000-0x00000000efffffff] reserved
May 04 11:55:51 kernel: reserve setup_data: [mem 0x00000000f7000000-0x00000000ffffffff] reserved
May 04 11:55:51 kernel: reserve setup_data: [mem 0x0000000100000000-0x0000000fddd7ffff] usable
May 04 11:55:51 kernel: reserve setup_data: [mem 0x0000000fdedc0000-0x00000010801fffff] reserved
May 04 11:55:51 kernel: reserve setup_data: [mem 0x000000fd00000000-0x000000ffffffffff] reserved
May 04 11:55:51 kernel: efi: EFI v2.9 by American Megatrends
May 04 11:55:51 kernel: efi: ACPI=0x90266000 ACPI 2.0=0x90266014 TPMFinalLog=0x90232000 SMBIOS=0x978ca000 SMBIOS 3.0=0x978c9000 MEMATTR=0x7f1ef698 ESRT=0x83e18598 MOKvar=0x97941000 RNG=0x8e07c018 TPMEventLog=0x8e079018 
May 04 11:55:51 kernel: random: crng init done
May 04 11:55:51 kernel: efi: Remove mem244: MMIO range=[0xe0000000-0xefffffff] (256MB) from e820 map
May 04 11:55:51 kernel: e820: remove [mem 0xe0000000-0xefffffff] reserved
May 04 11:55:51 kernel: efi: Remove mem245: MMIO range=[0xf7000000-0xfedfffff] (126MB) from e820 map
May 04 11:55:51 kernel: e820: remove [mem 0xf7000000-0xfedfffff] reserved
May 04 11:55:51 kernel: efi: Not removing mem246: MMIO range=[0xfee00000-0xfee00fff] (4KB) from e820 map
May 04 11:55:51 kernel: efi: Remove mem247: MMIO range=[0xfee01000-0xffffffff] (17MB) from e820 map
May 04 11:55:51 kernel: e820: remove [mem 0xfee01000-0xffffffff] reserved
May 04 11:55:51 kernel: efi: Remove mem249: MMIO range=[0x1060000000-0x10801fffff] (514MB) from e820 map
May 04 11:55:51 kernel: e820: remove [mem 0x1060000000-0x10801fffff] reserved
May 04 11:55:51 kernel: secureboot: Secure boot disabled
May 04 11:55:51 kernel: SMBIOS 3.7.0 present.
May 04 11:55:51 kernel: DMI: Gigabyte Technology Co., Ltd. X870I AORUS PRO ICE/X870I AORUS PRO ICE, BIOS F4a 02/07/2025
May 04 11:55:51 kernel: DMI: Memory slots populated: 2/2
May 04 11:55:51 kernel: tsc: Fast TSC calibration using PIT
May 04 11:55:51 kernel: tsc: Detected 4391.461 MHz processor
May 04 11:55:51 kernel: e820: update [mem 0x00000000-0x00000fff] usable ==> reserved
May 04 11:55:51 kernel: e820: remove [mem 0x000a0000-0x000fffff] usable
May 04 11:55:51 kernel: last_pfn = 0xfddd80 max_arch_pfn = 0x400000000
May 04 11:55:51 kernel: MTRR map: 5 entries (3 fixed + 2 variable; max 20), built from 9 variable MTRRs
May 04 11:55:51 kernel: x86/PAT: Configuration [0-7]: WB  WC  UC- UC  WB  WP  UC- WT  
May 04 11:55:51 kernel: e820: update [mem 0xa0000000-0xffffffff] usable ==> reserved
May 04 11:55:51 kernel: last_pfn = 0x9a000 max_arch_pfn = 0x400000000
May 04 11:55:51 kernel: esrt: Reserving ESRT space from 0x0000000083e18598 to 0x0000000083e185d0.
May 04 11:55:51 kernel: e820: update [mem 0x83e18000-0x83e18fff] usable ==> reserved
May 04 11:55:51 kernel: Using GB pages for direct mapping
May 04 11:55:51 kernel: secureboot: Secure boot disabled
May 04 11:55:51 kernel: RAMDISK: [mem 0x74a09000-0x77e28fff]
May 04 11:55:51 kernel: ACPI: Early table checksum verification disabled
May 04 11:55:51 kernel: ACPI: RSDP 0x0000000090266014 000024 (v02 ALASKA)
May 04 11:55:51 kernel: ACPI: XSDT 0x0000000090265728 00010C (v01 ALASKA A M I    01072009 AMI  01000013)
May 04 11:55:51 kernel: ACPI: FACP 0x000000008E267000 000114 (v06 ALASKA A M I    01072009 AMI  00010013)
May 04 11:55:51 kernel: ACPI: DSDT 0x000000008E1EB000 072F2F (v239 ALASKA A M I    01072009 INTL 20230628)
May 04 11:55:51 kernel: ACPI: FACS 0x0000000090262000 000040
May 04 11:55:51 kernel: ACPI: HWIN 0x000000008E27E000 00006C (v00 GBT    AMD      00050000 AMI  01000013)
May 04 11:55:51 kernel: ACPI: SSDT 0x000000008E272000 00B954 (v02 GBT    GSWApp   00000001 INTL 20230628)
May 04 11:55:51 kernel: ACPI: SSDT 0x000000008E269000 00816C (v02 AMD    Splinter 00000002 MSFT 05000000)
May 04 11:55:51 kernel: ACPI: SSDT 0x000000008E268000 000309 (v02 ALASKA CPUSSDT  01072009 AMI  01072009)
May 04 11:55:51 kernel: ACPI: FIDT 0x000000008E261000 00009C (v01 ALASKA A M I    01072009 AMI  00010013)
May 04 11:55:51 kernel: ACPI: MCFG 0x000000008E260000 00003C (v01 ALASKA A M I    01072009 MSFT 00010013)
May 04 11:55:51 kernel: ACPI: HPET 0x000000008E25F000 000038 (v01 ALASKA A M I    01072009 AMI  00000005)
May 04 11:55:51 kernel: ACPI: FPDT 0x000000008E25E000 000044 (v01 ALASKA A M I    01072009 AMI  01000013)
May 04 11:55:51 kernel: ACPI: VFCT 0x000000008E1D1000 0190A0 (v01 ALASKA A M I    00000001 AMD  31504F47)
May 04 11:55:51 kernel: ACPI: BGRT 0x000000008E266000 000038 (v01 ALASKA A M I    01072009 AMI  00010013)
May 04 11:55:51 kernel: ACPI: SSDT 0x000000008E1C9000 0074CE (v02 AMD    AMD CPU  00000001 AMD  00000001)
May 04 11:55:51 kernel: ACPI: SSDT 0x000000008E265000 000041 (v01 AMD    AppCompD 00000001 INTL 20230628)
May 04 11:55:51 kernel: ACPI: TPM2 0x000000008E264000 00004C (v04 ALASKA A M I    00000001 AMI  00000000)
May 04 11:55:51 kernel: ACPI: WPBT 0x000000008E263000 000034 (v01 ALASKA A M I    00000001 GBT  24112800)
May 04 11:55:51 kernel: ACPI: SSDT 0x000000008E098000 00D214 (v02 AMD    DISCUSB4 00000002 INTL 20230628)
May 04 11:55:51 kernel: ACPI: SSDT 0x000000008E262000 0006D4 (v02 AMD    CPMWLRC  00000001 INTL 20230628)
May 04 11:55:51 kernel: ACPI: SSDT 0x000000008E096000 00169E (v02 AMD    CPMDFIG2 00000001 INTL 20230628)
May 04 11:55:51 kernel: ACPI: SSDT 0x000000008E093000 002AA6 (v02 AMD    CDFAAIG2 00000001 INTL 20230628)
May 04 11:55:51 kernel: ACPI: SSDT 0x000000008E092000 0008BA (v02 AMD    CPMDFDG2 00000001 INTL 20230628)
May 04 11:55:51 kernel: ACPI: SSDT 0x000000008E088000 0097C3 (v02 AMD    CPMCMN   00000001 INTL 20230628)
May 04 11:55:51 kernel: ACPI: SSDT 0x000000008E085000 0029D1 (v02 AMD    AOD      00000001 INTL 20230628)
May 04 11:55:51 kernel: ACPI: WSMT 0x000000008E084000 000028 (v01 ALASKA A M I    01072009 AMI  00010013)
May 04 11:55:51 kernel: ACPI: APIC 0x000000008E083000 00015E (v06 ALASKA A M I    01072009 AMI  00010013)
May 04 11:55:51 kernel: ACPI: IVRS 0x000000008E082000 0000C8 (v02 AMD    AmdTable 00000001 AMD  00000001)
May 04 11:55:51 kernel: ACPI: SSDT 0x000000008E081000 000500 (v02 AMD    MEMTOOL0 00000002 INTL 20230628)
May 04 11:55:51 kernel: ACPI: SSDT 0x000000008E080000 0009D0 (v02 AMD    CPMMSOSC 00000001 INTL 20230628)
May 04 11:55:51 kernel: ACPI: SSDT 0x000000008E07F000 00047C (v02 AMD    AMDWOV   00000001 INTL 20230628)
May 04 11:55:51 kernel: ACPI: SSDT 0x000000008E07D000 001046 (v02 AMD    CPMACPV4 00000001 INTL 20230628)
May 04 11:55:51 kernel: ACPI: Reserving FACP table memory at [mem 0x8e267000-0x8e267113]
May 04 11:55:51 kernel: ACPI: Reserving DSDT table memory at [mem 0x8e1eb000-0x8e25df2e]
May 04 11:55:51 kernel: ACPI: Reserving FACS table memory at [mem 0x90262000-0x9026203f]
May 04 11:55:51 kernel: ACPI: Reserving HWIN table memory at [mem 0x8e27e000-0x8e27e06b]
May 04 11:55:51 kernel: ACPI: Reserving SSDT table memory at [mem 0x8e272000-0x8e27d953]
May 04 11:55:51 kernel: ACPI: Reserving SSDT table memory at [mem 0x8e269000-0x8e27116b]
May 04 11:55:51 kernel: ACPI: Reserving SSDT table memory at [mem 0x8e268000-0x8e268308]
May 04 11:55:51 kernel: ACPI: Reserving FIDT table memory at [mem 0x8e261000-0x8e26109b]
May 04 11:55:51 kernel: ACPI: Reserving MCFG table memory at [mem 0x8e260000-0x8e26003b]
May 04 11:55:51 kernel: ACPI: Reserving HPET table memory at [mem 0x8e25f000-0x8e25f037]
May 04 11:55:51 kernel: ACPI: Reserving FPDT table memory at [mem 0x8e25e000-0x8e25e043]
May 04 11:55:51 kernel: ACPI: Reserving VFCT table memory at [mem 0x8e1d1000-0x8e1ea09f]
May 04 11:55:51 kernel: ACPI: Reserving BGRT table memory at [mem 0x8e266000-0x8e266037]
May 04 11:55:51 kernel: ACPI: Reserving SSDT table memory at [mem 0x8e1c9000-0x8e1d04cd]
May 04 11:55:51 kernel: ACPI: Reserving SSDT table memory at [mem 0x8e265000-0x8e265040]
May 04 11:55:51 kernel: ACPI: Reserving TPM2 table memory at [mem 0x8e264000-0x8e26404b]
May 04 11:55:51 kernel: ACPI: Reserving WPBT table memory at [mem 0x8e263000-0x8e263033]
May 04 11:55:51 kernel: ACPI: Reserving SSDT table memory at [mem 0x8e098000-0x8e0a5213]
May 04 11:55:51 kernel: ACPI: Reserving SSDT table memory at [mem 0x8e262000-0x8e2626d3]
May 04 11:55:51 kernel: ACPI: Reserving SSDT table memory at [mem 0x8e096000-0x8e09769d]
May 04 11:55:51 kernel: ACPI: Reserving SSDT table memory at [mem 0x8e093000-0x8e095aa5]
May 04 11:55:51 kernel: ACPI: Reserving SSDT table memory at [mem 0x8e092000-0x8e0928b9]
May 04 11:55:51 kernel: ACPI: Reserving SSDT table memory at [mem 0x8e088000-0x8e0917c2]
May 04 11:55:51 kernel: ACPI: Reserving SSDT table memory at [mem 0x8e085000-0x8e0879d0]
May 04 11:55:51 kernel: ACPI: Reserving WSMT table memory at [mem 0x8e084000-0x8e084027]
May 04 11:55:51 kernel: ACPI: Reserving APIC table memory at [mem 0x8e083000-0x8e08315d]
May 04 11:55:51 kernel: ACPI: Reserving IVRS table memory at [mem 0x8e082000-0x8e0820c7]
May 04 11:55:51 kernel: ACPI: Reserving SSDT table memory at [mem 0x8e081000-0x8e0814ff]
May 04 11:55:51 kernel: ACPI: Reserving SSDT table memory at [mem 0x8e080000-0x8e0809cf]
May 04 11:55:51 kernel: ACPI: Reserving SSDT table memory at [mem 0x8e07f000-0x8e07f47b]
May 04 11:55:51 kernel: ACPI: Reserving SSDT table memory at [mem 0x8e07d000-0x8e07e045]
May 04 11:55:51 kernel: No NUMA configuration found
May 04 11:55:51 kernel: Faking a node at [mem 0x0000000000000000-0x0000000fddd7ffff]
May 04 11:55:51 kernel: NODE_DATA(0) allocated [mem 0xfddd552c0-0xfddd7ffff]
May 04 11:55:51 kernel: Zone ranges:
May 04 11:55:51 kernel:   DMA      [mem 0x0000000000001000-0x0000000000ffffff]
May 04 11:55:51 kernel:   DMA32    [mem 0x0000000001000000-0x00000000ffffffff]
May 04 11:55:51 kernel:   Normal   [mem 0x0000000100000000-0x0000000fddd7ffff]
May 04 11:55:51 kernel:   Device   empty
May 04 11:55:51 kernel: Movable zone start for each node
May 04 11:55:51 kernel: Early memory node ranges
May 04 11:55:51 kernel:   node   0: [mem 0x0000000000001000-0x000000000009ffff]
May 04 11:55:51 kernel:   node   0: [mem 0x0000000000100000-0x0000000009afefff]
May 04 11:55:51 kernel:   node   0: [mem 0x000000000a000000-0x000000000a1fffff]
May 04 11:55:51 kernel:   node   0: [mem 0x000000000a21e000-0x000000000affffff]
May 04 11:55:51 kernel:   node   0: [mem 0x000000000b021000-0x0000000087ffcfff]
May 04 11:55:51 kernel:   node   0: [mem 0x00000000983ff000-0x0000000099ff6fff]
May 04 11:55:51 kernel:   node   0: [mem 0x0000000099ffc000-0x0000000099ffffff]
May 04 11:55:51 kernel:   node   0: [mem 0x0000000100000000-0x0000000fddd7ffff]
May 04 11:55:51 kernel: Initmem setup node 0 [mem 0x0000000000001000-0x0000000fddd7ffff]
May 04 11:55:51 kernel: On node 0, zone DMA: 1 pages in unavailable ranges
May 04 11:55:51 kernel: On node 0, zone DMA: 96 pages in unavailable ranges
May 04 11:55:51 kernel: On node 0, zone DMA32: 1281 pages in unavailable ranges
May 04 11:55:51 kernel: On node 0, zone DMA32: 30 pages in unavailable ranges
May 04 11:55:51 kernel: On node 0, zone DMA32: 33 pages in unavailable ranges
May 04 11:55:51 kernel: On node 0, zone DMA32: 1026 pages in unavailable ranges
May 04 11:55:51 kernel: On node 0, zone DMA32: 5 pages in unavailable ranges
May 04 11:55:51 kernel: On node 0, zone Normal: 24576 pages in unavailable ranges
May 04 11:55:51 kernel: On node 0, zone Normal: 8832 pages in unavailable ranges
May 04 11:55:51 kernel: ACPI: PM-Timer IO Port: 0x808
May 04 11:55:51 kernel: ACPI: LAPIC_NMI (acpi_id[0xff] high edge lint[0x1])
May 04 11:55:51 kernel: IOAPIC[0]: apic_id 32, version 33, address 0xfec00000, GSI 0-23
May 04 11:55:51 kernel: IOAPIC[1]: apic_id 33, version 33, address 0xfec01000, GSI 24-55
May 04 11:55:51 kernel: ACPI: INT_SRC_OVR (bus 0 bus_irq 0 global_irq 2 dfl dfl)
May 04 11:55:51 kernel: ACPI: INT_SRC_OVR (bus 0 bus_irq 9 global_irq 9 low level)
May 04 11:55:51 kernel: ACPI: Using ACPI (MADT) for SMP configuration information
May 04 11:55:51 kernel: ACPI: HPET id: 0x10228201 base: 0xfed00000
May 04 11:55:51 kernel: e820: update [mem 0x83c82000-0x83cd8fff] usable ==> reserved
May 04 11:55:51 kernel: CPU topo: Max. logical packages:   1
May 04 11:55:51 kernel: CPU topo: Max. logical dies:       2
May 04 11:55:51 kernel: CPU topo: Max. dies per package:   2
May 04 11:55:51 kernel: CPU topo: Max. threads per core:   2
May 04 11:55:51 kernel: CPU topo: Num. cores per package:    12
May 04 11:55:51 kernel: CPU topo: Num. threads per package:  24
May 04 11:55:51 kernel: CPU topo: Allowing 24 present CPUs plus 0 hotplug CPUs
May 04 11:55:51 kernel: PM: hibernation: Registered nosave memory: [mem 0x00000000-0x00000fff]
May 04 11:55:51 kernel: PM: hibernation: Registered nosave memory: [mem 0x000a0000-0x000fffff]
May 04 11:55:51 kernel: PM: hibernation: Registered nosave memory: [mem 0x09aff000-0x09ffffff]
May 04 11:55:51 kernel: PM: hibernation: Registered nosave memory: [mem 0x0a200000-0x0a21dfff]
May 04 11:55:51 kernel: PM: hibernation: Registered nosave memory: [mem 0x0b000000-0x0b020fff]
May 04 11:55:51 kernel: PM: hibernation: Registered nosave memory: [mem 0x7f194000-0x7f194fff]
May 04 11:55:51 kernel: PM: hibernation: Registered nosave memory: [mem 0x7f19e000-0x7f19efff]
May 04 11:55:51 kernel: PM: hibernation: Registered nosave memory: [mem 0x7f19f000-0x7f19ffff]
May 04 11:55:51 kernel: PM: hibernation: Registered nosave memory: [mem 0x7f1ad000-0x7f1adfff]
May 04 11:55:51 kernel: PM: hibernation: Registered nosave memory: [mem 0x7f1ae000-0x7f1aefff]
May 04 11:55:51 kernel: PM: hibernation: Registered nosave memory: [mem 0x7f1c7000-0x7f1c7fff]
May 04 11:55:51 kernel: PM: hibernation: Registered nosave memory: [mem 0x83c82000-0x83cd8fff]
May 04 11:55:51 kernel: PM: hibernation: Registered nosave memory: [mem 0x83e18000-0x83e18fff]
May 04 11:55:51 kernel: PM: hibernation: Registered nosave memory: [mem 0x87ffd000-0x8dffcfff]
May 04 11:55:51 kernel: PM: hibernation: Registered nosave memory: [mem 0x8dffd000-0x8e27efff]
May 04 11:55:51 kernel: PM: hibernation: Registered nosave memory: [mem 0x8e27f000-0x9027efff]
May 04 11:55:51 kernel: PM: hibernation: Registered nosave memory: [mem 0x9027f000-0x983fefff]
May 04 11:55:51 kernel: PM: hibernation: Registered nosave memory: [mem 0x99ff7000-0x99ffbfff]
May 04 11:55:51 kernel: PM: hibernation: Registered nosave memory: [mem 0x9a000000-0x9bffffff]
May 04 11:55:51 kernel: PM: hibernation: Registered nosave memory: [mem 0x9c000000-0x9d7f2fff]
May 04 11:55:51 kernel: PM: hibernation: Registered nosave memory: [mem 0x9d7f3000-0x9fffffff]
May 04 11:55:51 kernel: PM: hibernation: Registered nosave memory: [mem 0xa0000000-0xfedfffff]
May 04 11:55:51 kernel: PM: hibernation: Registered nosave memory: [mem 0xfee00000-0xfee00fff]
May 04 11:55:51 kernel: PM: hibernation: Registered nosave memory: [mem 0xfee01000-0xffffffff]
May 04 11:55:51 kernel: [mem 0xa0000000-0xfedfffff] available for PCI devices
May 04 11:55:51 kernel: Booting paravirtualized kernel on bare hardware
May 04 11:55:51 kernel: clocksource: refined-jiffies: mask: 0xffffffff max_cycles: 0xffffffff, max_idle_ns: 1910969940391419 ns
May 04 11:55:51 kernel: setup_percpu: NR_CPUS:8192 nr_cpumask_bits:24 nr_cpu_ids:24 nr_node_ids:1
May 04 11:55:51 kernel: percpu: Embedded 88 pages/cpu s237568 r8192 d114688 u524288
May 04 11:55:51 kernel: pcpu-alloc: s237568 r8192 d114688 u524288 alloc=1*2097152
May 04 11:55:51 kernel: pcpu-alloc: [0] 00 01 02 03 [0] 04 05 06 07 
May 04 11:55:51 kernel: pcpu-alloc: [0] 08 09 10 11 [0] 12 13 14 15 
May 04 11:55:51 kernel: pcpu-alloc: [0] 16 17 18 19 [0] 20 21 22 23 
May 04 11:55:51 kernel: Kernel command line: BOOT_IMAGE=(hd0,gpt2)/vmlinuz-6.13.11-200.fc41.x86_64 root=UUID=febf207b-146b-4f10-b057-f63441b6fe25 ro rootflags=subvol=root rd.luks.uuid=luks-0d06368d-c7ea-45c5-af4d-3c6fbd6a4cb5 rhgb quiet
May 04 11:55:51 kernel: Unknown kernel command line parameters "rhgb BOOT_IMAGE=(hd0,gpt2)/vmlinuz-6.13.11-200.fc41.x86_64", will be passed to user space.
May 04 11:55:51 kernel: printk: log buffer data + meta data: 262144 + 917504 = 1179648 bytes
May 04 11:55:51 kernel: Dentry cache hash table entries: 8388608 (order: 14, 67108864 bytes, linear)
May 04 11:55:51 kernel: Inode-cache hash table entries: 4194304 (order: 13, 33554432 bytes, linear)
May 04 11:55:51 kernel: Fallback order for Node 0: 0 
May 04 11:55:51 kernel: Built 1 zonelists, mobility grouping on.  Total pages: 16151512
May 04 11:55:51 kernel: Policy zone: Normal
May 04 11:55:51 kernel: mem auto-init: stack:all(zero), heap alloc:on, heap free:off
May 04 11:55:51 kernel: software IO TLB: area num 32.
May 04 11:55:51 kernel: SLUB: HWalign=64, Order=0-3, MinObjects=0, CPUs=24, Nodes=1
May 04 11:55:51 kernel: ftrace: allocating 60727 entries in 238 pages
May 04 11:55:51 kernel: ftrace: allocated 238 pages with 6 groups
May 04 11:55:51 kernel: Dynamic Preempt: lazy
May 04 11:55:51 kernel: rcu: Preemptible hierarchical RCU implementation.
May 04 11:55:51 kernel: rcu:         RCU event tracing is enabled.
May 04 11:55:51 kernel: rcu:         RCU restricting CPUs from NR_CPUS=8192 to nr_cpu_ids=24.
May 04 11:55:51 kernel:         Trampoline variant of Tasks RCU enabled.
May 04 11:55:51 kernel:         Rude variant of Tasks RCU enabled.
May 04 11:55:51 kernel:         Tracing variant of Tasks RCU enabled.
May 04 11:55:51 kernel: rcu: RCU calculated value of scheduler-enlistment delay is 100 jiffies.
May 04 11:55:51 kernel: rcu: Adjusting geometry for rcu_fanout_leaf=16, nr_cpu_ids=24
May 04 11:55:51 kernel: RCU Tasks: Setting shift to 5 and lim to 1 rcu_task_cb_adjust=1 rcu_task_cpu_ids=24.
May 04 11:55:51 kernel: RCU Tasks Rude: Setting shift to 5 and lim to 1 rcu_task_cb_adjust=1 rcu_task_cpu_ids=24.
May 04 11:55:51 kernel: RCU Tasks Trace: Setting shift to 5 and lim to 1 rcu_task_cb_adjust=1 rcu_task_cpu_ids=24.
May 04 11:55:51 kernel: NR_IRQS: 524544, nr_irqs: 1160, preallocated irqs: 16
May 04 11:55:51 kernel: rcu: srcu_init: Setting srcu_struct sizes based on contention.
May 04 11:55:51 kernel: kfence: initialized - using 2097152 bytes for 255 objects at 0x(____ptrval____)-0x(____ptrval____)
May 04 11:55:51 kernel: Console: colour dummy device 80x25
May 04 11:55:51 kernel: printk: legacy console [tty0] enabled
May 04 11:55:51 kernel: ACPI: Core revision 20240827
May 04 11:55:51 kernel: clocksource: hpet: mask: 0xffffffff max_cycles: 0xffffffff, max_idle_ns: 133484873504 ns
May 04 11:55:51 kernel: APIC: Switch to symmetric I/O mode setup
May 04 11:55:51 kernel: AMD-Vi: Using global IVHD EFR:0x246577efa2254afa, EFR2:0x0
May 04 11:55:51 kernel: ..TIMER: vector=0x30 apic1=0 pin1=2 apic2=-1 pin2=-1
May 04 11:55:51 kernel: clocksource: tsc-early: mask: 0xffffffffffffffff max_cycles: 0x3f4ce3cc20d, max_idle_ns: 440795431038 ns
May 04 11:55:51 kernel: Calibrating delay loop (skipped), value calculated using timer frequency.. 8782.92 BogoMIPS (lpj=4391461)
May 04 11:55:51 kernel: x86/cpu: User Mode Instruction Prevention (UMIP) activated
May 04 11:55:51 kernel: LVT offset 1 assigned for vector 0xf9
May 04 11:55:51 kernel: LVT offset 2 assigned for vector 0xf4
May 04 11:55:51 kernel: Last level iTLB entries: 4KB 64, 2MB 64, 4MB 32
May 04 11:55:51 kernel: Last level dTLB entries: 4KB 128, 2MB 128, 4MB 64, 1GB 0
May 04 11:55:51 kernel: process: using mwait in idle threads
May 04 11:55:51 kernel: Spectre V1 : Mitigation: usercopy/swapgs barriers and __user pointer sanitization
May 04 11:55:51 kernel: Spectre V2 : Mitigation: Enhanced / Automatic IBRS
May 04 11:55:51 kernel: Spectre V2 : Spectre v2 / SpectreRSB mitigation: Filling RSB on context switch
May 04 11:55:51 kernel: Spectre V2 : mitigation: Enabling conditional Indirect Branch Prediction Barrier
May 04 11:55:51 kernel: Spectre V2 : User space: Mitigation: STIBP always-on protection
May 04 11:55:51 kernel: Speculative Store Bypass: Mitigation: Speculative Store Bypass disabled via prctl
May 04 11:55:51 kernel: x86/fpu: Supporting XSAVE feature 0x001: 'x87 floating point registers'
May 04 11:55:51 kernel: x86/fpu: Supporting XSAVE feature 0x002: 'SSE registers'
May 04 11:55:51 kernel: x86/fpu: Supporting XSAVE feature 0x004: 'AVX registers'
May 04 11:55:51 kernel: x86/fpu: Supporting XSAVE feature 0x020: 'AVX-512 opmask'
May 04 11:55:51 kernel: x86/fpu: Supporting XSAVE feature 0x040: 'AVX-512 Hi256'
May 04 11:55:51 kernel: x86/fpu: Supporting XSAVE feature 0x080: 'AVX-512 ZMM_Hi256'
May 04 11:55:51 kernel: x86/fpu: Supporting XSAVE feature 0x200: 'Protection Keys User registers'
May 04 11:55:51 kernel: x86/fpu: Supporting XSAVE feature 0x800: 'Control-flow User registers'
May 04 11:55:51 kernel: x86/fpu: xstate_offset[2]:  576, xstate_sizes[2]:  256
May 04 11:55:51 kernel: x86/fpu: xstate_offset[5]:  832, xstate_sizes[5]:   64
May 04 11:55:51 kernel: x86/fpu: xstate_offset[6]:  896, xstate_sizes[6]:  512
May 04 11:55:51 kernel: x86/fpu: xstate_offset[7]: 1408, xstate_sizes[7]: 1024
May 04 11:55:51 kernel: x86/fpu: xstate_offset[9]: 2432, xstate_sizes[9]:    8
May 04 11:55:51 kernel: x86/fpu: xstate_offset[11]: 2440, xstate_sizes[11]:   16
May 04 11:55:51 kernel: x86/fpu: Enabled xstate features 0xae7, context size is 2456 bytes, using 'compacted' format.
May 04 11:55:51 kernel: Freeing SMP alternatives memory: 48K
May 04 11:55:51 kernel: pid_max: default: 32768 minimum: 301
May 04 11:55:51 kernel: LSM: initializing lsm=lockdown,capability,yama,selinux,bpf,landlock,ipe,ima,evm
May 04 11:55:51 kernel: Yama: becoming mindful.
May 04 11:55:51 kernel: SELinux:  Initializing.
May 04 11:55:51 kernel: LSM support for eBPF active
May 04 11:55:51 kernel: landlock: Up and running.
May 04 11:55:51 kernel: Mount-cache hash table entries: 131072 (order: 8, 1048576 bytes, linear)
May 04 11:55:51 kernel: Mountpoint-cache hash table entries: 131072 (order: 8, 1048576 bytes, linear)
May 04 11:55:51 kernel: smpboot: CPU0: AMD Ryzen 9 9900X 12-Core Processor (family: 0x1a, model: 0x44, stepping: 0x0)
May 04 11:55:51 kernel: Performance Events: Fam17h+ 16-deep LBR, core perfctr, AMD PMU driver.
May 04 11:55:51 kernel: ... version:                2
May 04 11:55:51 kernel: ... bit width:              48
May 04 11:55:51 kernel: ... generic registers:      6
May 04 11:55:51 kernel: ... value mask:             0000ffffffffffff
May 04 11:55:51 kernel: ... max period:             00007fffffffffff
May 04 11:55:51 kernel: ... fixed-purpose events:   0
May 04 11:55:51 kernel: ... event mask:             000000000000003f
May 04 11:55:51 kernel: signal: max sigframe size: 3376
May 04 11:55:51 kernel: rcu: Hierarchical SRCU implementation.
May 04 11:55:51 kernel: rcu:         Max phase no-delay instances is 400.
May 04 11:55:51 kernel: Timer migration: 2 hierarchy levels; 8 children per group; 2 crossnode level
May 04 11:55:51 kernel: NMI watchdog: Enabled. Permanently consumes one hw-PMU counter.
May 04 11:55:51 kernel: smp: Bringing up secondary CPUs ...
May 04 11:55:51 kernel: smpboot: x86: Booting SMP configuration:
May 04 11:55:51 kernel: .... node  #0, CPUs:        #1  #2  #3  #4  #5  #6  #7  #8  #9 #10 #11 #12 #13 #14 #15 #16 #17 #18 #19 #20 #21 #22 #23
May 04 11:55:51 kernel: Spectre V2 : Update user space SMT mitigation: STIBP always-on
May 04 11:55:51 kernel: smp: Brought up 1 node, 24 CPUs
May 04 11:55:51 kernel: smpboot: Total of 24 processors activated (210790.12 BogoMIPS)
May 04 11:55:51 kernel: Memory: 63264540K/64606048K available (22528K kernel code, 4455K rwdata, 17344K rodata, 4984K init, 6096K bss, 1305680K reserved, 0K cma-reserved)
May 04 11:55:51 kernel: devtmpfs: initialized
May 04 11:55:51 kernel: x86/mm: Memory block size: 128MB
May 04 11:55:51 kernel: ACPI: PM: Registering ACPI NVS region [mem 0x0a200000-0x0a21dfff] (122880 bytes)
May 04 11:55:51 kernel: ACPI: PM: Registering ACPI NVS region [mem 0x8e27f000-0x9027efff] (33554432 bytes)
May 04 11:55:51 kernel: clocksource: jiffies: mask: 0xffffffff max_cycles: 0xffffffff, max_idle_ns: 1911260446275000 ns
May 04 11:55:51 kernel: futex hash table entries: 8192 (order: 7, 524288 bytes, linear)
May 04 11:55:51 kernel: pinctrl core: initialized pinctrl subsystem
May 04 11:55:51 kernel: PM: RTC time: 18:55:46, date: 2025-05-04
May 04 11:55:51 kernel: NET: Registered PF_NETLINK/PF_ROUTE protocol family
May 04 11:55:51 kernel: DMA: preallocated 4096 KiB GFP_KERNEL pool for atomic allocations
May 04 11:55:51 kernel: DMA: preallocated 4096 KiB GFP_KERNEL|GFP_DMA pool for atomic allocations
May 04 11:55:51 kernel: DMA: preallocated 4096 KiB GFP_KERNEL|GFP_DMA32 pool for atomic allocations
May 04 11:55:51 kernel: audit: initializing netlink subsys (disabled)
May 04 11:55:51 kernel: audit: type=2000 audit(1746384946.133:1): state=initialized audit_enabled=0 res=1
May 04 11:55:51 kernel: thermal_sys: Registered thermal governor 'fair_share'
May 04 11:55:51 kernel: thermal_sys: Registered thermal governor 'bang_bang'
May 04 11:55:51 kernel: thermal_sys: Registered thermal governor 'step_wise'
May 04 11:55:51 kernel: thermal_sys: Registered thermal governor 'user_space'
May 04 11:55:51 kernel: cpuidle: using governor menu
May 04 11:55:51 kernel: acpiphp: ACPI Hot Plug PCI Controller Driver version: 0.5
May 04 11:55:51 kernel: PCI: ECAM [mem 0xe0000000-0xefffffff] (base 0xe0000000) for domain 0000 [bus 00-ff]
May 04 11:55:51 kernel: PCI: Using configuration type 1 for base access
May 04 11:55:51 kernel: kprobes: kprobe jump-optimization is enabled. All kprobes are optimized if possible.
May 04 11:55:51 kernel: HugeTLB: registered 1.00 GiB page size, pre-allocated 0 pages
May 04 11:55:51 kernel: HugeTLB: 16380 KiB vmemmap can be freed for a 1.00 GiB page
May 04 11:55:51 kernel: HugeTLB: registered 2.00 MiB page size, pre-allocated 0 pages
May 04 11:55:51 kernel: HugeTLB: 28 KiB vmemmap can be freed for a 2.00 MiB page
May 04 11:55:51 kernel: cryptd: max_cpu_qlen set to 1000
May 04 11:55:51 kernel: raid6: skipped pq benchmark and selected avx512x4
May 04 11:55:51 kernel: raid6: using avx512x2 recovery algorithm
May 04 11:55:51 kernel: ACPI: Added _OSI(Module Device)
May 04 11:55:51 kernel: ACPI: Added _OSI(Processor Device)
May 04 11:55:51 kernel: ACPI: Added _OSI(3.0 _SCP Extensions)
May 04 11:55:51 kernel: ACPI: Added _OSI(Processor Aggregator Device)
May 04 11:55:51 kernel: ACPI: 17 ACPI AML tables successfully acquired and loaded
May 04 11:55:51 kernel: ACPI: USB4 _OSC: OS supports USB3+ DisplayPort+ PCIe+ XDomain+
May 04 11:55:51 kernel: ACPI: USB4 _OSC: OS controls USB3+ DisplayPort+ PCIe+ XDomain+
May 04 11:55:51 kernel: ACPI: Interpreter enabled
May 04 11:55:51 kernel: ACPI: PM: (supports S0 S3 S4 S5)
May 04 11:55:51 kernel: ACPI: Using IOAPIC for interrupt routing
May 04 11:55:51 kernel: PCI: Using host bridge windows from ACPI; if necessary, use "pci=nocrs" and report a bug
May 04 11:55:51 kernel: PCI: Ignoring E820 reservations for host bridge windows
May 04 11:55:51 kernel: ACPI: Enabled 10 GPEs in block 00 to 1F
May 04 11:55:51 kernel: ACPI: \_SB_.PCI0.GP17.XHC0.P0U0: New power resource
May 04 11:55:51 kernel: ACPI: \_SB_.PCI0.GP17.XHC1.P0U1: New power resource
May 04 11:55:51 kernel: ACPI: \_SB_.PCI0.GP19.XHC2.P0U2: New power resource
May 04 11:55:51 kernel: ACPI: \_SB_.PCI0.GPP0.M237: New power resource
May 04 11:55:51 kernel: ACPI: \_SB_.PCI0.GPP0.SWUS.M237: New power resource
May 04 11:55:51 kernel: ACPI: \_SB_.PCI0.GPP0.SWUS.SWDS.M237: New power resource
May 04 11:55:51 kernel: ACPI: \_SB_.PCI0.GPP1.P0NV: New power resource
May 04 11:55:51 kernel: ACPI: \_SB_.PCI0.GPP7.PWRS: New power resource
May 04 11:55:51 kernel: ACPI: \_SB_.PCI0.GPP7.UP00.PWRS: New power resource
May 04 11:55:51 kernel: ACPI: \_SB_.PCI0.GPP7.UP00.DP00.PWRS: New power resource
May 04 11:55:51 kernel: ACPI: \_SB_.PCI0.GPP7.UP00.DP00.NV00.PWRS: New power resource
May 04 11:55:51 kernel: ACPI: \_SB_.PCI0.GPP7.UP00.DP08.PWRS: New power resource
May 04 11:55:51 kernel: ACPI: \_SB_.PCI0.GPP7.UP00.DP08.EP00.PWRS: New power resource
May 04 11:55:51 kernel: ACPI: \_SB_.PCI0.GPP7.UP00.DP10.PWRS: New power resource
May 04 11:55:51 kernel: ACPI: \_SB_.PCI0.GPP7.UP00.DP10.WN00.PWRS: New power resource
May 04 11:55:51 kernel: ACPI: \_SB_.PCI0.GPP7.UP00.DP18.PWRS: New power resource
May 04 11:55:51 kernel: ACPI: \_SB_.PCI0.GPP7.UP00.DP18.LN00.PWRS: New power resource
May 04 11:55:51 kernel: ACPI: \_SB_.PCI0.GPP7.UP00.DP20.PWRS: New power resource
May 04 11:55:51 kernel: ACPI: \_SB_.PCI0.GPP7.UP00.DP20.NV00.PWRS: New power resource
May 04 11:55:51 kernel: ACPI: \_SB_.PCI0.GPP7.UP00.DP28.PWRS: New power resource
May 04 11:55:51 kernel: ACPI: \_SB_.PCI0.GPP7.UP00.DP28.EP00.PWRS: New power resource
May 04 11:55:51 kernel: ACPI: \_SB_.PCI0.GPP7.UP00.DP30.PWRS: New power resource
May 04 11:55:51 kernel: ACPI: \_SB_.PCI0.GPP7.UP00.DP30.EP00.PWRS: New power resource
May 04 11:55:51 kernel: ACPI: \_SB_.PCI0.GPP7.UP00.DP38.PWRS: New power resource
May 04 11:55:51 kernel: ACPI: \_SB_.PCI0.GPP7.UP00.DP38.EP00.PWRS: New power resource
May 04 11:55:51 kernel: ACPI: \_SB_.PCI0.GPP7.UP00.DP40.PWRS: New power resource
May 04 11:55:51 kernel: ACPI: \_SB_.PCI0.GPP7.UP00.DP40.EP00.PWRS: New power resource
May 04 11:55:51 kernel: ACPI: \_SB_.PCI0.GPP7.UP00.DP48.PWRS: New power resource
May 04 11:55:51 kernel: ACPI: \_SB_.PCI0.GPP7.UP00.DP48.EP00.PWRS: New power resource
May 04 11:55:51 kernel: ACPI: \_SB_.PCI0.GPP7.UP00.DP50.PWRS: New power resource
May 04 11:55:51 kernel: ACPI: \_SB_.PCI0.GPP7.UP00.DP50.EP00.PWRS: New power resource
May 04 11:55:51 kernel: ACPI: \_SB_.PCI0.GPP7.UP00.DP58.PWRS: New power resource
May 04 11:55:51 kernel: ACPI: \_SB_.PCI0.GPP7.UP00.DP58.EP00.PWRS: New power resource
May 04 11:55:51 kernel: ACPI: \_SB_.PCI0.GPP7.UP00.DP60.PWRS: New power resource
May 04 11:55:51 kernel: ACPI: \_SB_.PCI0.GPP7.UP00.DP60.XH00.PWRS: New power resource
May 04 11:55:51 kernel: ACPI: \_SB_.PCI0.GPP7.UP00.DP68.PWRS: New power resource
May 04 11:55:51 kernel: ACPI: \_SB_.PCI0.GPP7.UP00.DP68.SA00.PWRS: New power resource
May 04 11:55:51 kernel: ACPI: \_SB_.PCI0.GPP8.PWRS: New power resource
May 04 11:55:51 kernel: ACPI: \_SB_.PCI0.GPP8.U4UP.PWRS: New power resource
May 04 11:55:51 kernel: ACPI: \_SB_.PCI0.GPP8.U4UP.U4P0.PWRS: New power resource
May 04 11:55:51 kernel: ACPI: \_SB_.PCI0.GPP8.U4UP.U4P0.UP0D.PWRS: New power resource
May 04 11:55:51 kernel: ACPI: \_SB_.PCI0.GPP8.U4UP.U4P1.PWRS: New power resource
May 04 11:55:51 kernel: ACPI: \_SB_.PCI0.GPP8.U4UP.U4P1.UP1D.PWRS: New power resource
May 04 11:55:51 kernel: ACPI: \_SB_.PCI0.GPP8.U4UP.U4P2.PWRS: New power resource
May 04 11:55:51 kernel: ACPI: \_SB_.PCI0.GPP8.U4UP.U4P2.UXHC.PWRS: New power resource
May 04 11:55:51 kernel: ACPI: \_SB_.PCI0.GPP8.U4UP.U4P3.PWRS: New power resource
May 04 11:55:51 kernel: ACPI: \_SB_.PCI0.GPP8.U4UP.U4P3.UHI0.PWRS: New power resource
May 04 11:55:51 kernel: ACPI: \_SB_.PRWL: New power resource
May 04 11:55:51 kernel: ACPI: \_SB_.PRWB: New power resource
May 04 11:55:51 kernel: ACPI: PCI Root Bridge [PCI0] (domain 0000 [bus 00-ff])
May 04 11:55:51 kernel: acpi PNP0A08:00: _OSC: OS supports [ExtendedConfig ASPM ClockPM Segments MSI EDR HPX-Type3]
May 04 11:55:51 kernel: acpi PNP0A08:00: _OSC: OS now controls [PCIeHotplug SHPCHotplug PME AER PCIeCapability LTR DPC]
May 04 11:55:51 kernel: PCI host bridge to bus 0000:00
May 04 11:55:51 kernel: pci_bus 0000:00: root bus resource [io  0x0000-0x03af window]
May 04 11:55:51 kernel: pci_bus 0000:00: root bus resource [io  0x03e0-0x0cf7 window]
May 04 11:55:51 kernel: pci_bus 0000:00: root bus resource [io  0x03b0-0x03df window]
May 04 11:55:51 kernel: pci_bus 0000:00: root bus resource [io  0x0d00-0xffff window]
May 04 11:55:51 kernel: pci_bus 0000:00: root bus resource [mem 0x000a0000-0x000dffff window]
May 04 11:55:51 kernel: pci_bus 0000:00: root bus resource [mem 0xa0000000-0xdfffffff window]
May 04 11:55:51 kernel: pci_bus 0000:00: root bus resource [mem 0x1060000000-0xffffffffff window]
May 04 11:55:51 kernel: pci_bus 0000:00: root bus resource [bus 00-ff]
May 04 11:55:51 kernel: pci 0000:00:00.0: [1022:14d8] type 00 class 0x060000 conventional PCI endpoint
May 04 11:55:51 kernel: pci 0000:00:00.2: [1022:14d9] type 00 class 0x080600 conventional PCI endpoint
May 04 11:55:51 kernel: pci 0000:00:01.0: [1022:14da] type 00 class 0x060000 conventional PCI endpoint
May 04 11:55:51 kernel: pci 0000:00:01.1: [1022:14db] type 01 class 0x060400 PCIe Root Port
May 04 11:55:51 kernel: pci 0000:00:01.1: PCI bridge to [bus 01-03]
May 04 11:55:51 kernel: pci 0000:00:01.1:   bridge window [io  0xf000-0xffff]
May 04 11:55:51 kernel: pci 0000:00:01.1:   bridge window [mem 0xdd500000-0xdd6fffff]
May 04 11:55:51 kernel: pci 0000:00:01.1:   bridge window [mem 0xf800000000-0xf84fffffff 64bit pref]
May 04 11:55:51 kernel: pci 0000:00:01.1: PME# supported from D0 D3hot D3cold
May 04 11:55:51 kernel: pci 0000:00:01.2: [1022:14db] type 01 class 0x060400 PCIe Root Port
May 04 11:55:51 kernel: pci 0000:00:01.2: PCI bridge to [bus 04]
May 04 11:55:51 kernel: pci 0000:00:01.2:   bridge window [mem 0xdd800000-0xdd8fffff]
May 04 11:55:51 kernel: pci 0000:00:01.2: enabling Extended Tags
May 04 11:55:51 kernel: pci 0000:00:01.2: PME# supported from D0 D3hot D3cold
May 04 11:55:51 kernel: pci 0000:00:02.0: [1022:14da] type 00 class 0x060000 conventional PCI endpoint
May 04 11:55:51 kernel: pci 0000:00:02.1: [1022:14db] type 01 class 0x060400 PCIe Root Port
May 04 11:55:51 kernel: pci 0000:00:02.1: PCI bridge to [bus 05-11]
May 04 11:55:51 kernel: pci 0000:00:02.1:   bridge window [io  0xc000-0xdfff]
May 04 11:55:51 kernel: pci 0000:00:02.1:   bridge window [mem 0xdd000000-0xdd4fffff]
May 04 11:55:51 kernel: pci 0000:00:02.1: enabling Extended Tags
May 04 11:55:51 kernel: pci 0000:00:02.1: PME# supported from D0 D3hot D3cold
May 04 11:55:51 kernel: pci 0000:00:02.2: [1022:14db] type 01 class 0x060400 PCIe Root Port
May 04 11:55:51 kernel: pci 0000:00:02.2: PCI bridge to [bus 12-75]
May 04 11:55:51 kernel: pci 0000:00:02.2:   bridge window [io  0x6000-0xbfff]
May 04 11:55:51 kernel: pci 0000:00:02.2:   bridge window [mem 0xac000000-0xdc7fffff]
May 04 11:55:51 kernel: pci 0000:00:02.2:   bridge window [mem 0xb800000000-0xf7ffffffff 64bit pref]
May 04 11:55:51 kernel: pci 0000:00:02.2: PME# supported from D0 D3hot D3cold
May 04 11:55:51 kernel: pci 0000:00:03.0: [1022:14da] type 00 class 0x060000 conventional PCI endpoint
May 04 11:55:51 kernel: pci 0000:00:04.0: [1022:14da] type 00 class 0x060000 conventional PCI endpoint
May 04 11:55:51 kernel: pci 0000:00:08.0: [1022:14da] type 00 class 0x060000 conventional PCI endpoint
May 04 11:55:51 kernel: pci 0000:00:08.1: [1022:14dd] type 01 class 0x060400 PCIe Root Port
May 04 11:55:51 kernel: pci 0000:00:08.1: PCI bridge to [bus 76]
May 04 11:55:51 kernel: pci 0000:00:08.1:   bridge window [io  0xe000-0xefff]
May 04 11:55:51 kernel: pci 0000:00:08.1:   bridge window [mem 0xdca00000-0xdcffffff]
May 04 11:55:51 kernel: pci 0000:00:08.1:   bridge window [mem 0xf860000000-0xf86fffffff 64bit pref]
May 04 11:55:51 kernel: pci 0000:00:08.1: enabling Extended Tags
May 04 11:55:51 kernel: pci 0000:00:08.1: PME# supported from D0 D3hot D3cold
May 04 11:55:51 kernel: pci 0000:00:08.3: [1022:14dd] type 01 class 0x060400 PCIe Root Port
May 04 11:55:51 kernel: pci 0000:00:08.3: PCI bridge to [bus 77]
May 04 11:55:51 kernel: pci 0000:00:08.3:   bridge window [mem 0xdd700000-0xdd7fffff]
May 04 11:55:51 kernel: pci 0000:00:08.3: enabling Extended Tags
May 04 11:55:51 kernel: pci 0000:00:08.3: PME# supported from D0 D3hot D3cold
May 04 11:55:51 kernel: pci 0000:00:14.0: [1022:790b] type 00 class 0x0c0500 conventional PCI endpoint
May 04 11:55:51 kernel: pci 0000:00:14.3: [1022:790e] type 00 class 0x060100 conventional PCI endpoint
May 04 11:55:51 kernel: pci 0000:00:18.0: [1022:14e0] type 00 class 0x060000 conventional PCI endpoint
May 04 11:55:51 kernel: pci 0000:00:18.1: [1022:14e1] type 00 class 0x060000 conventional PCI endpoint
May 04 11:55:51 kernel: pci 0000:00:18.2: [1022:14e2] type 00 class 0x060000 conventional PCI endpoint
May 04 11:55:51 kernel: pci 0000:00:18.3: [1022:14e3] type 00 class 0x060000 conventional PCI endpoint
May 04 11:55:51 kernel: pci 0000:00:18.4: [1022:14e4] type 00 class 0x060000 conventional PCI endpoint
May 04 11:55:51 kernel: pci 0000:00:18.5: [1022:14e5] type 00 class 0x060000 conventional PCI endpoint
May 04 11:55:51 kernel: pci 0000:00:18.6: [1022:14e6] type 00 class 0x060000 conventional PCI endpoint
May 04 11:55:51 kernel: pci 0000:00:18.7: [1022:14e7] type 00 class 0x060000 conventional PCI endpoint
May 04 11:55:51 kernel: pci 0000:01:00.0: [1002:1478] type 01 class 0x060400 PCIe Switch Upstream Port
May 04 11:55:51 kernel: pci 0000:01:00.0: BAR 0 [mem 0xdd600000-0xdd603fff]
May 04 11:55:51 kernel: pci 0000:01:00.0: PCI bridge to [bus 02-03]
May 04 11:55:51 kernel: pci 0000:01:00.0:   bridge window [io  0xf000-0xffff]
May 04 11:55:51 kernel: pci 0000:01:00.0:   bridge window [mem 0xdd500000-0xdd5fffff]
May 04 11:55:51 kernel: pci 0000:01:00.0:   bridge window [mem 0xf800000000-0xf84fffffff 64bit pref]
May 04 11:55:51 kernel: pci 0000:01:00.0: PME# supported from D0 D3hot D3cold
May 04 11:55:51 kernel: pci 0000:00:01.1: PCI bridge to [bus 01-03]
May 04 11:55:51 kernel: pci 0000:02:00.0: [1002:1479] type 01 class 0x060400 PCIe Switch Downstream Port
May 04 11:55:51 kernel: pci 0000:02:00.0: PCI bridge to [bus 03]
May 04 11:55:51 kernel: pci 0000:02:00.0:   bridge window [io  0xf000-0xffff]
May 04 11:55:51 kernel: pci 0000:02:00.0:   bridge window [mem 0xdd500000-0xdd5fffff]
May 04 11:55:51 kernel: pci 0000:02:00.0:   bridge window [mem 0xf800000000-0xf84fffffff 64bit pref]
May 04 11:55:51 kernel: pci 0000:02:00.0: PME# supported from D0 D3hot D3cold
May 04 11:55:51 kernel: pci 0000:01:00.0: PCI bridge to [bus 02-03]
May 04 11:55:51 kernel: pci 0000:03:00.0: [1002:731f] type 00 class 0x030000 PCIe Legacy Endpoint
May 04 11:55:51 kernel: pci 0000:03:00.0: BAR 0 [mem 0xf800000000-0xf83fffffff 64bit pref]
May 04 11:55:51 kernel: pci 0000:03:00.0: BAR 2 [mem 0xf840000000-0xf84fffffff 64bit pref]
May 04 11:55:51 kernel: pci 0000:03:00.0: BAR 4 [io  0xf000-0xf0ff]
May 04 11:55:51 kernel: pci 0000:03:00.0: BAR 5 [mem 0xdd500000-0xdd57ffff]
May 04 11:55:51 kernel: pci 0000:03:00.0: ROM [mem 0xdd580000-0xdd59ffff pref]
May 04 11:55:51 kernel: pci 0000:03:00.0: PME# supported from D1 D2 D3hot D3cold
May 04 11:55:51 kernel: pci 0000:03:00.1: [1002:ab38] type 00 class 0x040300 PCIe Legacy Endpoint
May 04 11:55:51 kernel: pci 0000:03:00.1: BAR 0 [mem 0xdd5a0000-0xdd5a3fff]
May 04 11:55:51 kernel: pci 0000:03:00.1: PME# supported from D1 D2 D3hot D3cold
May 04 11:55:51 kernel: pci 0000:02:00.0: PCI bridge to [bus 03]
May 04 11:55:51 kernel: pci 0000:04:00.0: [144d:a808] type 00 class 0x010802 PCIe Endpoint
May 04 11:55:51 kernel: pci 0000:04:00.0: BAR 0 [mem 0xdd800000-0xdd803fff 64bit]
May 04 11:55:51 kernel: pci 0000:00:01.2: PCI bridge to [bus 04]
May 04 11:55:51 kernel: pci 0000:05:00.0: [1022:43f4] type 01 class 0x060400 PCIe Switch Upstream Port
May 04 11:55:51 kernel: pci 0000:05:00.0: PCI bridge to [bus 06-11]
May 04 11:55:51 kernel: pci 0000:05:00.0:   bridge window [io  0xc000-0xdfff]
May 04 11:55:51 kernel: pci 0000:05:00.0:   bridge window [mem 0xdd000000-0xdd4fffff]
May 04 11:55:51 kernel: pci 0000:05:00.0: enabling Extended Tags
May 04 11:55:51 kernel: pci 0000:05:00.0: PME# supported from D0 D3hot D3cold
May 04 11:55:51 kernel: pci 0000:00:02.1: PCI bridge to [bus 05-11]
May 04 11:55:51 kernel: pci 0000:06:00.0: [1022:43f5] type 01 class 0x060400 PCIe Switch Downstream Port
May 04 11:55:51 kernel: pci 0000:06:00.0: PCI bridge to [bus 07]
May 04 11:55:51 kernel: pci 0000:06:00.0: enabling Extended Tags
May 04 11:55:51 kernel: pci 0000:06:00.0: PME# supported from D0 D3hot D3cold
May 04 11:55:51 kernel: pci 0000:06:01.0: [1022:43f5] type 01 class 0x060400 PCIe Switch Downstream Port
May 04 11:55:51 kernel: pci 0000:06:01.0: PCI bridge to [bus 08]
May 04 11:55:51 kernel: pci 0000:06:01.0: enabling Extended Tags
May 04 11:55:51 kernel: pci 0000:06:01.0: PME# supported from D0 D3hot D3cold
May 04 11:55:51 kernel: pci 0000:06:02.0: [1022:43f5] type 01 class 0x060400 PCIe Switch Downstream Port
May 04 11:55:51 kernel: pci 0000:06:02.0: PCI bridge to [bus 09]
May 04 11:55:51 kernel: pci 0000:06:02.0:   bridge window [io  0xd000-0xdfff]
May 04 11:55:51 kernel: pci 0000:06:02.0:   bridge window [mem 0xdd400000-0xdd4fffff]
May 04 11:55:51 kernel: pci 0000:06:02.0: enabling Extended Tags
May 04 11:55:51 kernel: pci 0000:06:02.0: PME# supported from D0 D3hot D3cold
May 04 11:55:51 kernel: pci 0000:06:03.0: [1022:43f5] type 01 class 0x060400 PCIe Switch Downstream Port
May 04 11:55:51 kernel: pci 0000:06:03.0: PCI bridge to [bus 0a]
May 04 11:55:51 kernel: pci 0000:06:03.0:   bridge window [io  0xc000-0xcfff]
May 04 11:55:51 kernel: pci 0000:06:03.0:   bridge window [mem 0xdd300000-0xdd3fffff]
May 04 11:55:51 kernel: pci 0000:06:03.0: enabling Extended Tags
May 04 11:55:51 kernel: pci 0000:06:03.0: PME# supported from D0 D3hot D3cold
May 04 11:55:51 kernel: pci 0000:06:04.0: [1022:43f5] type 01 class 0x060400 PCIe Switch Downstream Port
May 04 11:55:51 kernel: pci 0000:06:04.0: PCI bridge to [bus 0b]
May 04 11:55:51 kernel: pci 0000:06:04.0: enabling Extended Tags
May 04 11:55:51 kernel: pci 0000:06:04.0: PME# supported from D0 D3hot D3cold
May 04 11:55:51 kernel: pci 0000:06:05.0: [1022:43f5] type 01 class 0x060400 PCIe Switch Downstream Port
May 04 11:55:51 kernel: pci 0000:06:05.0: PCI bridge to [bus 0c]
May 04 11:55:51 kernel: pci 0000:06:05.0: enabling Extended Tags
May 04 11:55:51 kernel: pci 0000:06:05.0: PME# supported from D0 D3hot D3cold
May 04 11:55:51 kernel: pci 0000:06:06.0: [1022:43f5] type 01 class 0x060400 PCIe Switch Downstream Port
May 04 11:55:51 kernel: pci 0000:06:06.0: PCI bridge to [bus 0d]
May 04 11:55:51 kernel: pci 0000:06:06.0: enabling Extended Tags
May 04 11:55:51 kernel: pci 0000:06:06.0: PME# supported from D0 D3hot D3cold
May 04 11:55:51 kernel: pci 0000:06:07.0: [1022:43f5] type 01 class 0x060400 PCIe Switch Downstream Port
May 04 11:55:51 kernel: pci 0000:06:07.0: PCI bridge to [bus 0e]
May 04 11:55:51 kernel: pci 0000:06:07.0: enabling Extended Tags
May 04 11:55:51 kernel: pci 0000:06:07.0: PME# supported from D0 D3hot D3cold
May 04 11:55:51 kernel: pci 0000:06:08.0: [1022:43f5] type 01 class 0x060400 PCIe Switch Downstream Port
May 04 11:55:51 kernel: pci 0000:06:08.0: PCI bridge to [bus 0f]
May 04 11:55:51 kernel: pci 0000:06:08.0:   bridge window [mem 0xdd200000-0xdd2fffff]
May 04 11:55:51 kernel: pci 0000:06:08.0: enabling Extended Tags
May 04 11:55:51 kernel: pci 0000:06:08.0: PME# supported from D0 D3hot D3cold
May 04 11:55:51 kernel: pci 0000:06:0c.0: [1022:43f5] type 01 class 0x060400 PCIe Switch Downstream Port
May 04 11:55:51 kernel: pci 0000:06:0c.0: PCI bridge to [bus 10]
May 04 11:55:51 kernel: pci 0000:06:0c.0:   bridge window [mem 0xdd100000-0xdd1fffff]
May 04 11:55:51 kernel: pci 0000:06:0c.0: enabling Extended Tags
May 04 11:55:51 kernel: pci 0000:06:0c.0: PME# supported from D0 D3hot D3cold
May 04 11:55:51 kernel: pci 0000:06:0d.0: [1022:43f5] type 01 class 0x060400 PCIe Switch Downstream Port
May 04 11:55:51 kernel: pci 0000:06:0d.0: PCI bridge to [bus 11]
May 04 11:55:51 kernel: pci 0000:06:0d.0:   bridge window [mem 0xdd000000-0xdd0fffff]
May 04 11:55:51 kernel: pci 0000:06:0d.0: enabling Extended Tags
May 04 11:55:51 kernel: pci 0000:06:0d.0: PME# supported from D0 D3hot D3cold
May 04 11:55:51 kernel: pci 0000:05:00.0: PCI bridge to [bus 06-11]
May 04 11:55:51 kernel: pci 0000:06:00.0: PCI bridge to [bus 07]
May 04 11:55:51 kernel: pci 0000:06:01.0: PCI bridge to [bus 08]
May 04 11:55:51 kernel: pci 0000:09:00.0: [10ec:8125] type 00 class 0x020000 PCIe Endpoint
May 04 11:55:51 kernel: pci 0000:09:00.0: BAR 0 [io  0xd000-0xd0ff]
May 04 11:55:51 kernel: pci 0000:09:00.0: BAR 2 [mem 0xdd400000-0xdd40ffff 64bit]
May 04 11:55:51 kernel: pci 0000:09:00.0: BAR 4 [mem 0xdd410000-0xdd413fff 64bit]
May 04 11:55:51 kernel: pci 0000:09:00.0: supports D1 D2
May 04 11:55:51 kernel: pci 0000:09:00.0: PME# supported from D0 D1 D2 D3hot D3cold
May 04 11:55:51 kernel: pci 0000:06:02.0: PCI bridge to [bus 09]
May 04 11:55:51 kernel: pci 0000:0a:00.0: [10ec:8922] type 00 class 0x028000 PCIe Endpoint
May 04 11:55:51 kernel: pci 0000:0a:00.0: BAR 0 [io  0xc000-0xc0ff]
May 04 11:55:51 kernel: pci 0000:0a:00.0: BAR 2 [mem 0xdd300000-0xdd3fffff 64bit]
May 04 11:55:51 kernel: pci 0000:0a:00.0: PME# supported from D0 D3hot D3cold
May 04 11:55:51 kernel: pci 0000:06:03.0: PCI bridge to [bus 0a]
May 04 11:55:51 kernel: pci 0000:06:04.0: PCI bridge to [bus 0b]
May 04 11:55:51 kernel: pci 0000:06:05.0: PCI bridge to [bus 0c]
May 04 11:55:51 kernel: pci 0000:06:06.0: PCI bridge to [bus 0d]
May 04 11:55:51 kernel: pci 0000:06:07.0: PCI bridge to [bus 0e]
May 04 11:55:51 kernel: pci 0000:0f:00.0: [2646:501c] type 00 class 0x010802 PCIe Endpoint
May 04 11:55:51 kernel: pci 0000:0f:00.0: BAR 0 [mem 0xdd200000-0xdd203fff 64bit]
May 04 11:55:51 kernel: pci 0000:0f:00.0: enabling Extended Tags
May 04 11:55:51 kernel: pci 0000:06:08.0: PCI bridge to [bus 0f]
May 04 11:55:51 kernel: pci 0000:10:00.0: [1022:43fc] type 00 class 0x0c0330 PCIe Legacy Endpoint
May 04 11:55:51 kernel: pci 0000:10:00.0: BAR 0 [mem 0xdd100000-0xdd107fff 64bit]
May 04 11:55:51 kernel: pci 0000:10:00.0: enabling Extended Tags
May 04 11:55:51 kernel: pci 0000:10:00.0: PME# supported from D0 D3hot D3cold
May 04 11:55:51 kernel: pci 0000:06:0c.0: PCI bridge to [bus 10]
May 04 11:55:51 kernel: pci 0000:11:00.0: [1022:43f6] type 00 class 0x010601 PCIe Legacy Endpoint
May 04 11:55:51 kernel: pci 0000:11:00.0: BAR 5 [mem 0xdd080000-0xdd0803ff]
May 04 11:55:51 kernel: pci 0000:11:00.0: ROM [mem 0xdd000000-0xdd07ffff pref]
May 04 11:55:51 kernel: pci 0000:11:00.0: enabling Extended Tags
May 04 11:55:51 kernel: pci 0000:11:00.0: PME# supported from D0 D3hot D3cold
May 04 11:55:51 kernel: pci 0000:06:0d.0: PCI bridge to [bus 11]
May 04 11:55:51 kernel: pci 0000:12:00.0: [1b21:2421] type 01 class 0x060400 PCIe Switch Upstream Port
May 04 11:55:51 kernel: pci 0000:12:00.0: PCI bridge to [bus 13-75]
May 04 11:55:51 kernel: pci 0000:12:00.0:   bridge window [io  0x6000-0xbfff]
May 04 11:55:51 kernel: pci 0000:12:00.0:   bridge window [mem 0xac000000-0xdc7fffff]
May 04 11:55:51 kernel: pci 0000:12:00.0:   bridge window [mem 0xb800000000-0xf7ffffffff 64bit pref]
May 04 11:55:51 kernel: pci 0000:12:00.0: PME# supported from D0 D3hot D3cold
May 04 11:55:51 kernel: pci 0000:00:02.2: PCI bridge to [bus 12-75]
May 04 11:55:51 kernel: pci 0000:13:00.0: [1b21:2423] type 01 class 0x060400 PCIe Switch Downstream Port
May 04 11:55:51 kernel: pci 0000:13:00.0: PCI bridge to [bus 14-43]
May 04 11:55:51 kernel: pci 0000:13:00.0:   bridge window [io  0x9000-0xbfff]
May 04 11:55:51 kernel: pci 0000:13:00.0:   bridge window [mem 0xc4000000-0xdbffffff]
May 04 11:55:51 kernel: pci 0000:13:00.0:   bridge window [mem 0xd800000000-0xf7ffffffff 64bit pref]
May 04 11:55:51 kernel: pci 0000:13:00.0: PME# supported from D0 D3hot D3cold
May 04 11:55:51 kernel: pci 0000:13:01.0: [1b21:2423] type 01 class 0x060400 PCIe Switch Downstream Port
May 04 11:55:51 kernel: pci 0000:13:01.0: PCI bridge to [bus 44-73]
May 04 11:55:51 kernel: pci 0000:13:01.0:   bridge window [io  0x6000-0x8fff]
May 04 11:55:51 kernel: pci 0000:13:01.0:   bridge window [mem 0xac000000-0xc3ffffff]
May 04 11:55:51 kernel: pci 0000:13:01.0:   bridge window [mem 0xb800000000-0xd7ffffffff 64bit pref]
May 04 11:55:51 kernel: pci 0000:13:01.0: PME# supported from D0 D3hot D3cold
May 04 11:55:51 kernel: pci 0000:13:02.0: [1b21:2423] type 01 class 0x060400 PCIe Switch Downstream Port
May 04 11:55:51 kernel: pci 0000:13:02.0: PCI bridge to [bus 74]
May 04 11:55:51 kernel: pci 0000:13:02.0:   bridge window [mem 0xdc400000-0xdc7fffff]
May 04 11:55:51 kernel: pci 0000:13:02.0: PME# supported from D0 D3hot D3cold
May 04 11:55:51 kernel: pci 0000:13:03.0: [1b21:2423] type 01 class 0x060400 PCIe Switch Downstream Port
May 04 11:55:51 kernel: pci 0000:13:03.0: PCI bridge to [bus 75]
May 04 11:55:51 kernel: pci 0000:13:03.0:   bridge window [mem 0xdc000000-0xdc3fffff]
May 04 11:55:51 kernel: pci 0000:13:03.0: PME# supported from D0 D3hot D3cold
May 04 11:55:51 kernel: pci 0000:12:00.0: PCI bridge to [bus 13-75]
May 04 11:55:51 kernel: pci 0000:13:00.0: PCI bridge to [bus 14-43]
May 04 11:55:51 kernel: pci 0000:13:01.0: PCI bridge to [bus 44-73]
May 04 11:55:51 kernel: pci 0000:74:00.0: [1b21:2426] type 00 class 0x0c0330 PCIe Legacy Endpoint
May 04 11:55:51 kernel: pci 0000:74:00.0: BAR 0 [mem 0xdc400000-0xdc407fff 64bit]
May 04 11:55:51 kernel: pci 0000:74:00.0: PME# supported from D0 D3hot D3cold
May 04 11:55:51 kernel: pci 0000:13:02.0: PCI bridge to [bus 74]
May 04 11:55:51 kernel: pci 0000:75:00.0: [1b21:2425] type 00 class 0x0c0340 PCIe Legacy Endpoint
May 04 11:55:51 kernel: pci 0000:75:00.0: BAR 0 [mem 0xdc000000-0xdc03ffff 64bit]
May 04 11:55:51 kernel: pci 0000:75:00.0: BAR 2 [mem 0xdc040000-0xdc04ffff 64bit]
May 04 11:55:51 kernel: pci 0000:75:00.0: PME# supported from D0 D3hot D3cold
May 04 11:55:51 kernel: pci 0000:13:03.0: PCI bridge to [bus 75]
May 04 11:55:51 kernel: pci 0000:76:00.0: [1002:13c0] type 00 class 0x030000 PCIe Legacy Endpoint
May 04 11:55:51 kernel: pci 0000:76:00.0: BAR 0 [mem 0xf860000000-0xf86fffffff 64bit pref]
May 04 11:55:51 kernel: pci 0000:76:00.0: BAR 2 [mem 0xdca00000-0xdcbfffff 64bit pref]
May 04 11:55:51 kernel: pci 0000:76:00.0: BAR 4 [io  0xe000-0xe0ff]
May 04 11:55:51 kernel: pci 0000:76:00.0: BAR 5 [mem 0xdcf00000-0xdcf7ffff]
May 04 11:55:51 kernel: pci 0000:76:00.0: enabling Extended Tags
May 04 11:55:51 kernel: pci 0000:76:00.0: PME# supported from D1 D2 D3hot D3cold
May 04 11:55:51 kernel: pci 0000:76:00.1: [1002:1640] type 00 class 0x040300 PCIe Legacy Endpoint
May 04 11:55:51 kernel: pci 0000:76:00.1: BAR 0 [mem 0xdcf88000-0xdcf8bfff]
May 04 11:55:51 kernel: pci 0000:76:00.1: enabling Extended Tags
May 04 11:55:51 kernel: pci 0000:76:00.1: PME# supported from D1 D2 D3hot D3cold
May 04 11:55:51 kernel: pci 0000:76:00.2: [1022:1649] type 00 class 0x108000 PCIe Endpoint
May 04 11:55:51 kernel: pci 0000:76:00.2: BAR 2 [mem 0xdce00000-0xdcefffff]
May 04 11:55:51 kernel: pci 0000:76:00.2: BAR 5 [mem 0xdcf8c000-0xdcf8dfff]
May 04 11:55:51 kernel: pci 0000:76:00.2: enabling Extended Tags
May 04 11:55:51 kernel: pci 0000:76:00.3: [1022:15b6] type 00 class 0x0c0330 PCIe Endpoint
May 04 11:55:51 kernel: pci 0000:76:00.3: BAR 0 [mem 0xdcd00000-0xdcdfffff 64bit]
May 04 11:55:51 kernel: pci 0000:76:00.3: enabling Extended Tags
May 04 11:55:51 kernel: pci 0000:76:00.3: PME# supported from D0 D3hot D3cold
May 04 11:55:51 kernel: pci 0000:76:00.4: [1022:15b7] type 00 class 0x0c0330 PCIe Endpoint
May 04 11:55:51 kernel: pci 0000:76:00.4: BAR 0 [mem 0xdcc00000-0xdccfffff 64bit]
May 04 11:55:51 kernel: pci 0000:76:00.4: enabling Extended Tags
May 04 11:55:51 kernel: pci 0000:76:00.4: PME# supported from D0 D3hot D3cold
May 04 11:55:51 kernel: pci 0000:76:00.6: [1022:15e3] type 00 class 0x040300 PCIe Endpoint
May 04 11:55:51 kernel: pci 0000:76:00.6: BAR 0 [mem 0xdcf80000-0xdcf87fff]
May 04 11:55:51 kernel: pci 0000:76:00.6: enabling Extended Tags
May 04 11:55:51 kernel: pci 0000:76:00.6: PME# supported from D0 D3hot D3cold
May 04 11:55:51 kernel: pci 0000:00:08.1: PCI bridge to [bus 76]
May 04 11:55:51 kernel: pci 0000:77:00.0: [1022:15b8] type 00 class 0x0c0330 PCIe Endpoint
May 04 11:55:51 kernel: pci 0000:77:00.0: BAR 0 [mem 0xdd700000-0xdd7fffff 64bit]
May 04 11:55:51 kernel: pci 0000:77:00.0: enabling Extended Tags
May 04 11:55:51 kernel: pci 0000:77:00.0: PME# supported from D0 D3hot D3cold
May 04 11:55:51 kernel: pci 0000:00:08.3: PCI bridge to [bus 77]
May 04 11:55:51 kernel: ACPI: PCI: Interrupt link LNKA configured for IRQ 0
May 04 11:55:51 kernel: ACPI: PCI: Interrupt link LNKB configured for IRQ 0
May 04 11:55:51 kernel: ACPI: PCI: Interrupt link LNKC configured for IRQ 0
May 04 11:55:51 kernel: ACPI: PCI: Interrupt link LNKD configured for IRQ 0
May 04 11:55:51 kernel: ACPI: PCI: Interrupt link LNKE configured for IRQ 0
May 04 11:55:51 kernel: ACPI: PCI: Interrupt link LNKF configured for IRQ 0
May 04 11:55:51 kernel: ACPI: PCI: Interrupt link LNKG configured for IRQ 0
May 04 11:55:51 kernel: ACPI: PCI: Interrupt link LNKH configured for IRQ 0
May 04 11:55:51 kernel: iommu: Default domain type: Translated
May 04 11:55:51 kernel: iommu: DMA domain TLB invalidation policy: lazy mode
May 04 11:55:51 kernel: SCSI subsystem initialized
May 04 11:55:51 kernel: libata version 3.00 loaded.
May 04 11:55:51 kernel: ACPI: bus type USB registered
May 04 11:55:51 kernel: usbcore: registered new interface driver usbfs
May 04 11:55:51 kernel: usbcore: registered new interface driver hub
May 04 11:55:51 kernel: usbcore: registered new device driver usb
May 04 11:55:51 kernel: pps_core: LinuxPPS API ver. 1 registered
May 04 11:55:51 kernel: pps_core: Software ver. 5.3.6 - Copyright 2005-2007 Rodolfo Giometti <giometti@linux.it>
May 04 11:55:51 kernel: PTP clock support registered
May 04 11:55:51 kernel: EDAC MC: Ver: 3.0.0
May 04 11:55:51 kernel: efivars: Registered efivars operations
May 04 11:55:51 kernel: NetLabel: Initializing
May 04 11:55:51 kernel: NetLabel:  domain hash size = 128
May 04 11:55:51 kernel: NetLabel:  protocols = UNLABELED CIPSOv4 CALIPSO
May 04 11:55:51 kernel: NetLabel:  unlabeled traffic allowed by default
May 04 11:55:51 kernel: mctp: management component transport protocol core
May 04 11:55:51 kernel: NET: Registered PF_MCTP protocol family
May 04 11:55:51 kernel: PCI: Using ACPI for IRQ routing
May 04 11:55:51 kernel: PCI: pci_cache_line_size set to 64 bytes
May 04 11:55:51 kernel: e820: reserve RAM buffer [mem 0x09aff000-0x0bffffff]
May 04 11:55:51 kernel: e820: reserve RAM buffer [mem 0x0a200000-0x0bffffff]
May 04 11:55:51 kernel: e820: reserve RAM buffer [mem 0x0b000000-0x0bffffff]
May 04 11:55:51 kernel: e820: reserve RAM buffer [mem 0x7f194018-0x7fffffff]
May 04 11:55:51 kernel: e820: reserve RAM buffer [mem 0x7f19f018-0x7fffffff]
May 04 11:55:51 kernel: e820: reserve RAM buffer [mem 0x7f1ae018-0x7fffffff]
May 04 11:55:51 kernel: e820: reserve RAM buffer [mem 0x83c82000-0x83ffffff]
May 04 11:55:51 kernel: e820: reserve RAM buffer [mem 0x83e18000-0x83ffffff]
May 04 11:55:51 kernel: e820: reserve RAM buffer [mem 0x87ffd000-0x87ffffff]
May 04 11:55:51 kernel: e820: reserve RAM buffer [mem 0x99ff7000-0x9bffffff]
May 04 11:55:51 kernel: e820: reserve RAM buffer [mem 0x9a000000-0x9bffffff]
May 04 11:55:51 kernel: e820: reserve RAM buffer [mem 0xfddd80000-0xfdfffffff]
May 04 11:55:51 kernel: pci 0000:03:00.0: vgaarb: setting as boot VGA device
May 04 11:55:51 kernel: pci 0000:03:00.0: vgaarb: bridge control possible
May 04 11:55:51 kernel: pci 0000:03:00.0: vgaarb: VGA device added: decodes=io+mem,owns=none,locks=none
May 04 11:55:51 kernel: pci 0000:76:00.0: vgaarb: bridge control possible
May 04 11:55:51 kernel: pci 0000:76:00.0: vgaarb: VGA device added: decodes=io+mem,owns=none,locks=none
May 04 11:55:51 kernel: vgaarb: loaded
May 04 11:55:51 kernel: hpet0: at MMIO 0xfed00000, IRQs 2, 8, 0
May 04 11:55:51 kernel: hpet0: 3 comparators, 32-bit 14.318180 MHz counter
May 04 11:55:51 kernel: clocksource: Switched to clocksource tsc-early
May 04 11:55:51 kernel: VFS: Disk quotas dquot_6.6.0
May 04 11:55:51 kernel: VFS: Dquot-cache hash table entries: 512 (order 0, 4096 bytes)
May 04 11:55:51 kernel: pnp: PnP ACPI init
May 04 11:55:51 kernel: system 00:00: [mem 0xe0000000-0xefffffff] has been reserved
May 04 11:55:51 kernel: system 00:01: [mem 0xfe0000000-0x105fffffff window] has been reserved
May 04 11:55:51 kernel: system 00:03: [io  0x0a00-0x0a2f] has been reserved
May 04 11:55:51 kernel: system 00:03: [io  0x0a30-0x0a3f] has been reserved
May 04 11:55:51 kernel: system 00:03: [io  0x0a40-0x0a4f] has been reserved
May 04 11:55:51 kernel: system 00:03: [mem 0xfe000000-0xfe01ffff] has been reserved
May 04 11:55:51 kernel: system 00:04: [io  0x04d0-0x04d1] has been reserved
May 04 11:55:51 kernel: system 00:04: [io  0x040b] has been reserved
May 04 11:55:51 kernel: system 00:04: [io  0x04d6] has been reserved
May 04 11:55:51 kernel: system 00:04: [io  0x0c00-0x0c01] has been reserved
May 04 11:55:51 kernel: system 00:04: [io  0x0c14] has been reserved
May 04 11:55:51 kernel: system 00:04: [io  0x0c50-0x0c51] has been reserved
May 04 11:55:51 kernel: system 00:04: [io  0x0c52] has been reserved
May 04 11:55:51 kernel: system 00:04: [io  0x0c6c] has been reserved
May 04 11:55:51 kernel: system 00:04: [io  0x0c6f] has been reserved
May 04 11:55:51 kernel: system 00:04: [io  0x0cd8-0x0cdf] has been reserved
May 04 11:55:51 kernel: system 00:04: [io  0x0800-0x089f] has been reserved
May 04 11:55:51 kernel: system 00:04: [io  0x0b00-0x0b0f] has been reserved
May 04 11:55:51 kernel: system 00:04: [io  0x0b20-0x0b3f] has been reserved
May 04 11:55:51 kernel: system 00:04: [io  0x0900-0x090f] has been reserved
May 04 11:55:51 kernel: system 00:04: [io  0x0910-0x091f] has been reserved
May 04 11:55:51 kernel: system 00:04: [mem 0xfedc0000-0xfedc0fff] has been reserved
May 04 11:55:51 kernel: system 00:04: [mem 0xfee00000-0xfee00fff] has been reserved
May 04 11:55:51 kernel: system 00:04: [mem 0xfec10000-0xfec10fff] has been reserved
May 04 11:55:51 kernel: system 00:04: [mem 0xfeb00000-0xfeb00fff] has been reserved
May 04 11:55:51 kernel: system 00:04: [mem 0xff000000-0xffffffff] has been reserved
May 04 11:55:51 kernel: pnp: PnP ACPI: found 5 devices
May 04 11:55:51 kernel: clocksource: acpi_pm: mask: 0xffffff max_cycles: 0xffffff, max_idle_ns: 2085701024 ns
May 04 11:55:51 kernel: NET: Registered PF_INET protocol family
May 04 11:55:51 kernel: IP idents hash table entries: 262144 (order: 9, 2097152 bytes, linear)
May 04 11:55:51 kernel: tcp_listen_portaddr_hash hash table entries: 32768 (order: 7, 524288 bytes, linear)
May 04 11:55:51 kernel: Table-perturb hash table entries: 65536 (order: 6, 262144 bytes, linear)
May 04 11:55:51 kernel: TCP established hash table entries: 524288 (order: 10, 4194304 bytes, linear)
May 04 11:55:51 kernel: TCP bind hash table entries: 65536 (order: 9, 2097152 bytes, linear)
May 04 11:55:51 kernel: TCP: Hash tables configured (established 524288 bind 65536)
May 04 11:55:51 kernel: MPTCP token hash table entries: 65536 (order: 8, 1572864 bytes, linear)
May 04 11:55:51 kernel: UDP hash table entries: 32768 (order: 9, 2097152 bytes, linear)
May 04 11:55:51 kernel: UDP-Lite hash table entries: 32768 (order: 9, 2097152 bytes, linear)
May 04 11:55:51 kernel: NET: Registered PF_UNIX/PF_LOCAL protocol family
May 04 11:55:51 kernel: NET: Registered PF_XDP protocol family
May 04 11:55:51 kernel: pci 0000:02:00.0: PCI bridge to [bus 03]
May 04 11:55:51 kernel: pci 0000:02:00.0:   bridge window [io  0xf000-0xffff]
May 04 11:55:51 kernel: pci 0000:02:00.0:   bridge window [mem 0xdd500000-0xdd5fffff]
May 04 11:55:51 kernel: pci 0000:02:00.0:   bridge window [mem 0xf800000000-0xf84fffffff 64bit pref]
May 04 11:55:51 kernel: pci 0000:01:00.0: PCI bridge to [bus 02-03]
May 04 11:55:51 kernel: pci 0000:01:00.0:   bridge window [io  0xf000-0xffff]
May 04 11:55:51 kernel: pci 0000:01:00.0:   bridge window [mem 0xdd500000-0xdd5fffff]
May 04 11:55:51 kernel: pci 0000:01:00.0:   bridge window [mem 0xf800000000-0xf84fffffff 64bit pref]
May 04 11:55:51 kernel: pci 0000:00:01.1: PCI bridge to [bus 01-03]
May 04 11:55:51 kernel: pci 0000:00:01.1:   bridge window [io  0xf000-0xffff]
May 04 11:55:51 kernel: pci 0000:00:01.1:   bridge window [mem 0xdd500000-0xdd6fffff]
May 04 11:55:51 kernel: pci 0000:00:01.1:   bridge window [mem 0xf800000000-0xf84fffffff 64bit pref]
May 04 11:55:51 kernel: pci 0000:00:01.2: PCI bridge to [bus 04]
May 04 11:55:51 kernel: pci 0000:00:01.2:   bridge window [mem 0xdd800000-0xdd8fffff]
May 04 11:55:51 kernel: pci 0000:06:00.0: PCI bridge to [bus 07]
May 04 11:55:51 kernel: pci 0000:06:01.0: PCI bridge to [bus 08]
May 04 11:55:51 kernel: pci 0000:06:02.0: PCI bridge to [bus 09]
May 04 11:55:51 kernel: pci 0000:06:02.0:   bridge window [io  0xd000-0xdfff]
May 04 11:55:51 kernel: pci 0000:06:02.0:   bridge window [mem 0xdd400000-0xdd4fffff]
May 04 11:55:51 kernel: pci 0000:06:03.0: PCI bridge to [bus 0a]
May 04 11:55:51 kernel: pci 0000:06:03.0:   bridge window [io  0xc000-0xcfff]
May 04 11:55:51 kernel: pci 0000:06:03.0:   bridge window [mem 0xdd300000-0xdd3fffff]
May 04 11:55:51 kernel: pci 0000:06:04.0: PCI bridge to [bus 0b]
May 04 11:55:51 kernel: pci 0000:06:05.0: PCI bridge to [bus 0c]
May 04 11:55:51 kernel: pci 0000:06:06.0: PCI bridge to [bus 0d]
May 04 11:55:51 kernel: pci 0000:06:07.0: PCI bridge to [bus 0e]
May 04 11:55:51 kernel: pci 0000:06:08.0: PCI bridge to [bus 0f]
May 04 11:55:51 kernel: pci 0000:06:08.0:   bridge window [mem 0xdd200000-0xdd2fffff]
May 04 11:55:51 kernel: pci 0000:06:0c.0: PCI bridge to [bus 10]
May 04 11:55:51 kernel: pci 0000:06:0c.0:   bridge window [mem 0xdd100000-0xdd1fffff]
May 04 11:55:51 kernel: pci 0000:06:0d.0: PCI bridge to [bus 11]
May 04 11:55:51 kernel: pci 0000:06:0d.0:   bridge window [mem 0xdd000000-0xdd0fffff]
May 04 11:55:51 kernel: pci 0000:05:00.0: PCI bridge to [bus 06-11]
May 04 11:55:51 kernel: pci 0000:05:00.0:   bridge window [io  0xc000-0xdfff]
May 04 11:55:51 kernel: pci 0000:05:00.0:   bridge window [mem 0xdd000000-0xdd4fffff]
May 04 11:55:51 kernel: pci 0000:00:02.1: PCI bridge to [bus 05-11]
May 04 11:55:51 kernel: pci 0000:00:02.1:   bridge window [io  0xc000-0xdfff]
May 04 11:55:51 kernel: pci 0000:00:02.1:   bridge window [mem 0xdd000000-0xdd4fffff]
May 04 11:55:51 kernel: pci 0000:13:00.0: PCI bridge to [bus 14-43]
May 04 11:55:51 kernel: pci 0000:13:00.0:   bridge window [io  0x9000-0xbfff]
May 04 11:55:51 kernel: pci 0000:13:00.0:   bridge window [mem 0xc4000000-0xdbffffff]
May 04 11:55:51 kernel: pci 0000:13:00.0:   bridge window [mem 0xd800000000-0xf7ffffffff 64bit pref]
May 04 11:55:51 kernel: pci 0000:13:01.0: PCI bridge to [bus 44-73]
May 04 11:55:51 kernel: pci 0000:13:01.0:   bridge window [io  0x6000-0x8fff]
May 04 11:55:51 kernel: pci 0000:13:01.0:   bridge window [mem 0xac000000-0xc3ffffff]
May 04 11:55:51 kernel: pci 0000:13:01.0:   bridge window [mem 0xb800000000-0xd7ffffffff 64bit pref]
May 04 11:55:51 kernel: pci 0000:13:02.0: PCI bridge to [bus 74]
May 04 11:55:51 kernel: pci 0000:13:02.0:   bridge window [mem 0xdc400000-0xdc7fffff]
May 04 11:55:51 kernel: pci 0000:13:03.0: PCI bridge to [bus 75]
May 04 11:55:51 kernel: pci 0000:13:03.0:   bridge window [mem 0xdc000000-0xdc3fffff]
May 04 11:55:51 kernel: pci 0000:12:00.0: PCI bridge to [bus 13-75]
May 04 11:55:51 kernel: pci 0000:12:00.0:   bridge window [io  0x6000-0xbfff]
May 04 11:55:51 kernel: pci 0000:12:00.0:   bridge window [mem 0xac000000-0xdc7fffff]
May 04 11:55:51 kernel: pci 0000:12:00.0:   bridge window [mem 0xb800000000-0xf7ffffffff 64bit pref]
May 04 11:55:51 kernel: pci 0000:00:02.2: PCI bridge to [bus 12-75]
May 04 11:55:51 kernel: pci 0000:00:02.2:   bridge window [io  0x6000-0xbfff]
May 04 11:55:51 kernel: pci 0000:00:02.2:   bridge window [mem 0xac000000-0xdc7fffff]
May 04 11:55:51 kernel: pci 0000:00:02.2:   bridge window [mem 0xb800000000-0xf7ffffffff 64bit pref]
May 04 11:55:51 kernel: pci 0000:00:08.1: PCI bridge to [bus 76]
May 04 11:55:51 kernel: pci 0000:00:08.1:   bridge window [io  0xe000-0xefff]
May 04 11:55:51 kernel: pci 0000:00:08.1:   bridge window [mem 0xdca00000-0xdcffffff]
May 04 11:55:51 kernel: pci 0000:00:08.1:   bridge window [mem 0xf860000000-0xf86fffffff 64bit pref]
May 04 11:55:51 kernel: pci 0000:00:08.3: PCI bridge to [bus 77]
May 04 11:55:51 kernel: pci 0000:00:08.3:   bridge window [mem 0xdd700000-0xdd7fffff]
May 04 11:55:51 kernel: pci_bus 0000:00: resource 4 [io  0x0000-0x03af window]
May 04 11:55:51 kernel: pci_bus 0000:00: resource 5 [io  0x03e0-0x0cf7 window]
May 04 11:55:51 kernel: pci_bus 0000:00: resource 6 [io  0x03b0-0x03df window]
May 04 11:55:51 kernel: pci_bus 0000:00: resource 7 [io  0x0d00-0xffff window]
May 04 11:55:51 kernel: pci_bus 0000:00: resource 8 [mem 0x000a0000-0x000dffff window]
May 04 11:55:51 kernel: pci_bus 0000:00: resource 9 [mem 0xa0000000-0xdfffffff window]
May 04 11:55:51 kernel: pci_bus 0000:00: resource 10 [mem 0x1060000000-0xffffffffff window]
May 04 11:55:51 kernel: pci_bus 0000:01: resource 0 [io  0xf000-0xffff]
May 04 11:55:51 kernel: pci_bus 0000:01: resource 1 [mem 0xdd500000-0xdd6fffff]
May 04 11:55:51 kernel: pci_bus 0000:01: resource 2 [mem 0xf800000000-0xf84fffffff 64bit pref]
May 04 11:55:51 kernel: pci_bus 0000:02: resource 0 [io  0xf000-0xffff]
May 04 11:55:51 kernel: pci_bus 0000:02: resource 1 [mem 0xdd500000-0xdd5fffff]
May 04 11:55:51 kernel: pci_bus 0000:02: resource 2 [mem 0xf800000000-0xf84fffffff 64bit pref]
May 04 11:55:51 kernel: pci_bus 0000:03: resource 0 [io  0xf000-0xffff]
May 04 11:55:51 kernel: pci_bus 0000:03: resource 1 [mem 0xdd500000-0xdd5fffff]
May 04 11:55:51 kernel: pci_bus 0000:03: resource 2 [mem 0xf800000000-0xf84fffffff 64bit pref]
May 04 11:55:51 kernel: pci_bus 0000:04: resource 1 [mem 0xdd800000-0xdd8fffff]
May 04 11:55:51 kernel: pci_bus 0000:05: resource 0 [io  0xc000-0xdfff]
May 04 11:55:51 kernel: pci_bus 0000:05: resource 1 [mem 0xdd000000-0xdd4fffff]
May 04 11:55:51 kernel: pci_bus 0000:06: resource 0 [io  0xc000-0xdfff]
May 04 11:55:51 kernel: pci_bus 0000:06: resource 1 [mem 0xdd000000-0xdd4fffff]
May 04 11:55:51 kernel: pci_bus 0000:09: resource 0 [io  0xd000-0xdfff]
May 04 11:55:51 kernel: pci_bus 0000:09: resource 1 [mem 0xdd400000-0xdd4fffff]
May 04 11:55:51 kernel: pci_bus 0000:0a: resource 0 [io  0xc000-0xcfff]
May 04 11:55:51 kernel: pci_bus 0000:0a: resource 1 [mem 0xdd300000-0xdd3fffff]
May 04 11:55:51 kernel: pci_bus 0000:0f: resource 1 [mem 0xdd200000-0xdd2fffff]
May 04 11:55:51 kernel: pci_bus 0000:10: resource 1 [mem 0xdd100000-0xdd1fffff]
May 04 11:55:51 kernel: pci_bus 0000:11: resource 1 [mem 0xdd000000-0xdd0fffff]
May 04 11:55:51 kernel: pci_bus 0000:12: resource 0 [io  0x6000-0xbfff]
May 04 11:55:51 kernel: pci_bus 0000:12: resource 1 [mem 0xac000000-0xdc7fffff]
May 04 11:55:51 kernel: pci_bus 0000:12: resource 2 [mem 0xb800000000-0xf7ffffffff 64bit pref]
May 04 11:55:51 kernel: pci_bus 0000:13: resource 0 [io  0x6000-0xbfff]
May 04 11:55:51 kernel: pci_bus 0000:13: resource 1 [mem 0xac000000-0xdc7fffff]
May 04 11:55:51 kernel: pci_bus 0000:13: resource 2 [mem 0xb800000000-0xf7ffffffff 64bit pref]
May 04 11:55:51 kernel: pci_bus 0000:14: resource 0 [io  0x9000-0xbfff]
May 04 11:55:51 kernel: pci_bus 0000:14: resource 1 [mem 0xc4000000-0xdbffffff]
May 04 11:55:51 kernel: pci_bus 0000:14: resource 2 [mem 0xd800000000-0xf7ffffffff 64bit pref]
May 04 11:55:51 kernel: pci_bus 0000:44: resource 0 [io  0x6000-0x8fff]
May 04 11:55:51 kernel: pci_bus 0000:44: resource 1 [mem 0xac000000-0xc3ffffff]
May 04 11:55:51 kernel: pci_bus 0000:44: resource 2 [mem 0xb800000000-0xd7ffffffff 64bit pref]
May 04 11:55:51 kernel: pci_bus 0000:74: resource 1 [mem 0xdc400000-0xdc7fffff]
May 04 11:55:51 kernel: pci_bus 0000:75: resource 1 [mem 0xdc000000-0xdc3fffff]
May 04 11:55:51 kernel: pci_bus 0000:76: resource 0 [io  0xe000-0xefff]
May 04 11:55:51 kernel: pci_bus 0000:76: resource 1 [mem 0xdca00000-0xdcffffff]
May 04 11:55:51 kernel: pci_bus 0000:76: resource 2 [mem 0xf860000000-0xf86fffffff 64bit pref]
May 04 11:55:51 kernel: pci_bus 0000:77: resource 1 [mem 0xdd700000-0xdd7fffff]
May 04 11:55:51 kernel: pci 0000:03:00.0: disabling ATS
May 04 11:55:51 kernel: pci 0000:03:00.1: D0 power state depends on 0000:03:00.0
May 04 11:55:51 kernel: pci 0000:76:00.1: D0 power state depends on 0000:76:00.0
May 04 11:55:51 kernel: PCI: CLS 64 bytes, default 64
May 04 11:55:51 kernel: pci 0000:00:00.2: AMD-Vi: IOMMU performance counters supported
May 04 11:55:51 kernel: pci 0000:00:01.0: Adding to iommu group 0
May 04 11:55:51 kernel: pci 0000:00:01.1: Adding to iommu group 1
May 04 11:55:51 kernel: Trying to unpack rootfs image as initramfs...
May 04 11:55:51 kernel: pci 0000:00:01.2: Adding to iommu group 2
May 04 11:55:51 kernel: pci 0000:00:02.0: Adding to iommu group 3
May 04 11:55:51 kernel: pci 0000:00:02.1: Adding to iommu group 4
May 04 11:55:51 kernel: pci 0000:00:02.2: Adding to iommu group 5
May 04 11:55:51 kernel: pci 0000:00:03.0: Adding to iommu group 6
May 04 11:55:51 kernel: pci 0000:00:04.0: Adding to iommu group 7
May 04 11:55:51 kernel: pci 0000:00:08.0: Adding to iommu group 8
May 04 11:55:51 kernel: pci 0000:00:08.1: Adding to iommu group 9
May 04 11:55:51 kernel: pci 0000:00:08.3: Adding to iommu group 10
May 04 11:55:51 kernel: pci 0000:00:14.0: Adding to iommu group 11
May 04 11:55:51 kernel: pci 0000:00:14.3: Adding to iommu group 11
May 04 11:55:51 kernel: pci 0000:00:18.0: Adding to iommu group 12
May 04 11:55:51 kernel: pci 0000:00:18.1: Adding to iommu group 12
May 04 11:55:51 kernel: pci 0000:00:18.2: Adding to iommu group 12
May 04 11:55:51 kernel: pci 0000:00:18.3: Adding to iommu group 12
May 04 11:55:51 kernel: pci 0000:00:18.4: Adding to iommu group 12
May 04 11:55:51 kernel: pci 0000:00:18.5: Adding to iommu group 12
May 04 11:55:51 kernel: pci 0000:00:18.6: Adding to iommu group 12
May 04 11:55:51 kernel: pci 0000:00:18.7: Adding to iommu group 12
May 04 11:55:51 kernel: pci 0000:01:00.0: Adding to iommu group 13
May 04 11:55:51 kernel: pci 0000:02:00.0: Adding to iommu group 14
May 04 11:55:51 kernel: pci 0000:03:00.0: Adding to iommu group 15
May 04 11:55:51 kernel: pci 0000:03:00.1: Adding to iommu group 16
May 04 11:55:51 kernel: pci 0000:04:00.0: Adding to iommu group 17
May 04 11:55:51 kernel: pci 0000:05:00.0: Adding to iommu group 18
May 04 11:55:51 kernel: pci 0000:06:00.0: Adding to iommu group 19
May 04 11:55:51 kernel: pci 0000:06:01.0: Adding to iommu group 20
May 04 11:55:51 kernel: pci 0000:06:02.0: Adding to iommu group 21
May 04 11:55:51 kernel: pci 0000:06:03.0: Adding to iommu group 22
May 04 11:55:51 kernel: pci 0000:06:04.0: Adding to iommu group 23
May 04 11:55:51 kernel: pci 0000:06:05.0: Adding to iommu group 24
May 04 11:55:51 kernel: pci 0000:06:06.0: Adding to iommu group 25
May 04 11:55:51 kernel: pci 0000:06:07.0: Adding to iommu group 26
May 04 11:55:51 kernel: pci 0000:06:08.0: Adding to iommu group 27
May 04 11:55:51 kernel: pci 0000:06:0c.0: Adding to iommu group 28
May 04 11:55:51 kernel: pci 0000:06:0d.0: Adding to iommu group 29
May 04 11:55:51 kernel: pci 0000:09:00.0: Adding to iommu group 21
May 04 11:55:51 kernel: pci 0000:0a:00.0: Adding to iommu group 22
May 04 11:55:51 kernel: pci 0000:0f:00.0: Adding to iommu group 27
May 04 11:55:51 kernel: pci 0000:10:00.0: Adding to iommu group 28
May 04 11:55:51 kernel: pci 0000:11:00.0: Adding to iommu group 29
May 04 11:55:51 kernel: pci 0000:12:00.0: Adding to iommu group 30
May 04 11:55:51 kernel: pci 0000:13:00.0: Adding to iommu group 31
May 04 11:55:51 kernel: pci 0000:13:01.0: Adding to iommu group 32
May 04 11:55:51 kernel: pci 0000:13:02.0: Adding to iommu group 33
May 04 11:55:51 kernel: pci 0000:13:03.0: Adding to iommu group 34
May 04 11:55:51 kernel: pci 0000:74:00.0: Adding to iommu group 33
May 04 11:55:51 kernel: pci 0000:75:00.0: Adding to iommu group 34
May 04 11:55:51 kernel: pci 0000:76:00.0: Adding to iommu group 35
May 04 11:55:51 kernel: pci 0000:76:00.1: Adding to iommu group 36
May 04 11:55:51 kernel: pci 0000:76:00.2: Adding to iommu group 37
May 04 11:55:51 kernel: pci 0000:76:00.3: Adding to iommu group 38
May 04 11:55:51 kernel: pci 0000:76:00.4: Adding to iommu group 39
May 04 11:55:51 kernel: pci 0000:76:00.6: Adding to iommu group 40
May 04 11:55:51 kernel: pci 0000:77:00.0: Adding to iommu group 41
May 04 11:55:51 kernel: AMD-Vi: Extended features (0x246577efa2254afa, 0x0): PPR NX GT [5] IA GA PC GA_vAPIC
May 04 11:55:51 kernel: AMD-Vi: Interrupt remapping enabled
May 04 11:55:51 kernel: Freeing initrd memory: 53376K
May 04 11:55:51 kernel: AMD-Vi: Virtual APIC enabled
May 04 11:55:51 kernel: PCI-DMA: Using software bounce buffering for IO (SWIOTLB)
May 04 11:55:51 kernel: software IO TLB: mapped [mem 0x000000007b194000-0x000000007f194000] (64MB)
May 04 11:55:51 kernel: LVT offset 0 assigned for vector 0x400
May 04 11:55:51 kernel: perf: AMD IBS detected (0x00081bff)
May 04 11:55:51 kernel: amd_uncore: 16 amd_df counters detected
May 04 11:55:51 kernel: amd_uncore: 6 amd_l3 counters detected
May 04 11:55:51 kernel: amd_uncore: 4 amd_umc_0 counters detected
May 04 11:55:51 kernel: amd_uncore: 4 amd_umc_1 counters detected
May 04 11:55:51 kernel: perf/amd_iommu: Detected AMD IOMMU #0 (2 banks, 4 counters/bank).
May 04 11:55:51 kernel: AES CTR mode by8 optimization enabled
May 04 11:55:51 kernel: Initialise system trusted keyrings
May 04 11:55:51 kernel: Key type blacklist registered
May 04 11:55:51 kernel: workingset: timestamp_bits=36 max_order=24 bucket_order=0
May 04 11:55:51 kernel: zbud: loaded
May 04 11:55:51 kernel: integrity: Platform Keyring initialized
May 04 11:55:51 kernel: integrity: Machine keyring initialized
May 04 11:55:51 kernel: NET: Registered PF_ALG protocol family
May 04 11:55:51 kernel: xor: automatically using best checksumming function   avx       
May 04 11:55:51 kernel: Key type asymmetric registered
May 04 11:55:51 kernel: Asymmetric key parser 'x509' registered
May 04 11:55:51 kernel: Block layer SCSI generic (bsg) driver version 0.4 loaded (major 245)
May 04 11:55:51 kernel: io scheduler mq-deadline registered
May 04 11:55:51 kernel: io scheduler kyber registered
May 04 11:55:51 kernel: io scheduler bfq registered
May 04 11:55:51 kernel: atomic64_test: passed for x86-64 platform with CX8 and with SSE
May 04 11:55:51 kernel: pcieport 0000:00:01.1: PME: Signaling with IRQ 29
May 04 11:55:51 kernel: pcieport 0000:00:01.2: PME: Signaling with IRQ 30
May 04 11:55:51 kernel: pcieport 0000:00:02.1: PME: Signaling with IRQ 31
May 04 11:55:51 kernel: pcieport 0000:00:02.2: PME: Signaling with IRQ 32
May 04 11:55:51 kernel: pcieport 0000:00:08.1: PME: Signaling with IRQ 33
May 04 11:55:51 kernel: pcieport 0000:00:08.3: PME: Signaling with IRQ 34
May 04 11:55:51 kernel: pcieport 0000:13:00.0: pciehp: Slot #0 AttnBtn- PwrCtrl- MRL- AttnInd- PwrInd- HotPlug+ Surprise+ Interlock- NoCompl+ IbPresDis- LLActRep+
May 04 11:55:51 kernel: pcieport 0000:13:01.0: pciehp: Slot #0 AttnBtn- PwrCtrl- MRL- AttnInd- PwrInd- HotPlug+ Surprise+ Interlock- NoCompl+ IbPresDis- LLActRep+
May 04 11:55:51 kernel: shpchp: Standard Hot Plug PCI Controller Driver version: 0.4
May 04 11:55:51 kernel: input: Power Button as /devices/LNXSYSTM:00/LNXSYBUS:00/PNP0C0C:00/input/input0
May 04 11:55:51 kernel: ACPI: button: Power Button [PWRB]
May 04 11:55:51 kernel: input: Power Button as /devices/LNXSYSTM:00/LNXPWRBN:00/input/input1
May 04 11:55:51 kernel: ACPI: button: Power Button [PWRF]
May 04 11:55:51 kernel: Monitor-Mwait will be used to enter C-1 state
May 04 11:55:51 kernel: Estimated ratio of average max frequency by base frequency (times 1024): 1170
May 04 11:55:51 kernel: tsc: Refined TSC clocksource calibration: 4391.743 MHz
May 04 11:55:51 kernel: clocksource: tsc: mask: 0xffffffffffffffff max_cycles: 0x3f4decebead, max_idle_ns: 440795209134 ns
May 04 11:55:51 kernel: clocksource: Switched to clocksource tsc
May 04 11:55:51 kernel: ACPI: \_TZ_.TZ10: _PSL evaluation failure
May 04 11:55:51 kernel: thermal LNXTHERM:00: registered as thermal_zone0
May 04 11:55:51 kernel: ACPI: thermal: Thermal Zone [TZ10] (17 C)
May 04 11:55:51 kernel: Serial: 8250/16550 driver, 32 ports, IRQ sharing enabled
May 04 11:55:51 kernel: Non-volatile memory driver v1.3
May 04 11:55:51 kernel: Linux agpgart interface v0.103
May 04 11:55:51 kernel: tpm_crb MSFT0101:00: Disabling hwrng
May 04 11:55:51 kernel: ACPI: bus type drm_connector registered
May 04 11:55:51 kernel: ahci 0000:11:00.0: version 3.0
May 04 11:55:51 kernel: ahci 0000:11:00.0: SSS flag set, parallel bus scan disabled
May 04 11:55:51 kernel: ahci 0000:11:00.0: AHCI vers 0001.0301, 32 command slots, 6 Gbps, SATA mode
May 04 11:55:51 kernel: ahci 0000:11:00.0: 4/6 ports implemented (port mask 0xf)
May 04 11:55:51 kernel: ahci 0000:11:00.0: flags: 64bit ncq sntf stag pm led clo only pmp pio slum part sxs deso sadm sds apst 
May 04 11:55:51 kernel: scsi host0: ahci
May 04 11:55:51 kernel: scsi host1: ahci
May 04 11:55:51 kernel: scsi host2: ahci
May 04 11:55:51 kernel: scsi host3: ahci
May 04 11:55:51 kernel: scsi host4: ahci
May 04 11:55:51 kernel: scsi host5: ahci
May 04 11:55:51 kernel: ata1: SATA max UDMA/133 abar m1024@0xdd080000 port 0xdd080100 irq 50 lpm-pol 0
May 04 11:55:51 kernel: ata2: SATA max UDMA/133 abar m1024@0xdd080000 port 0xdd080180 irq 50 lpm-pol 0
May 04 11:55:51 kernel: ata3: SATA max UDMA/133 abar m1024@0xdd080000 port 0xdd080200 irq 50 lpm-pol 0
May 04 11:55:51 kernel: ata4: SATA max UDMA/133 abar m1024@0xdd080000 port 0xdd080280 irq 50 lpm-pol 0
May 04 11:55:51 kernel: ata5: DUMMY
May 04 11:55:51 kernel: ata6: DUMMY
May 04 11:55:51 kernel: xhci_hcd 0000:10:00.0: xHCI Host Controller
May 04 11:55:51 kernel: xhci_hcd 0000:10:00.0: new USB bus registered, assigned bus number 1
May 04 11:55:51 kernel: xhci_hcd 0000:10:00.0: hcc params 0x0200ef81 hci version 0x110 quirks 0x0000000000000010
May 04 11:55:51 kernel: xhci_hcd 0000:10:00.0: xHCI Host Controller
May 04 11:55:51 kernel: xhci_hcd 0000:10:00.0: new USB bus registered, assigned bus number 2
May 04 11:55:51 kernel: xhci_hcd 0000:10:00.0: Host supports USB 3.1 Enhanced SuperSpeed
May 04 11:55:57 kernel: usb usb1: New USB device found, idVendor=1d6b, idProduct=0002, bcdDevice= 6.13
May 04 11:55:57 kernel: usb usb1: New USB device strings: Mfr=3, Product=2, SerialNumber=1
May 04 11:55:57 kernel: usb usb1: Product: xHCI Host Controller
May 04 11:55:57 kernel: usb usb1: Manufacturer: Linux 6.13.11-200.fc41.x86_64 xhci-hcd
May 04 11:55:57 kernel: usb usb1: SerialNumber: 0000:10:00.0
May 04 11:55:57 kernel: hub 1-0:1.0: USB hub found
May 04 11:55:57 kernel: hub 1-0:1.0: 12 ports detected
May 04 11:55:57 kernel: usb usb2: We don't know the algorithms for LPM for this host, disabling LPM.
May 04 11:55:57 kernel: usb usb2: New USB device found, idVendor=1d6b, idProduct=0003, bcdDevice= 6.13
May 04 11:55:57 kernel: usb usb2: New USB device strings: Mfr=3, Product=2, SerialNumber=1
May 04 11:55:57 kernel: usb usb2: Product: xHCI Host Controller
May 04 11:55:57 kernel: usb usb2: Manufacturer: Linux 6.13.11-200.fc41.x86_64 xhci-hcd
May 04 11:55:57 kernel: usb usb2: SerialNumber: 0000:10:00.0
May 04 11:55:57 kernel: hub 2-0:1.0: USB hub found
May 04 11:55:57 kernel: hub 2-0:1.0: 6 ports detected
May 04 11:55:57 kernel: xhci_hcd 0000:74:00.0: xHCI Host Controller
May 04 11:55:57 kernel: xhci_hcd 0000:74:00.0: new USB bus registered, assigned bus number 3
May 04 11:55:57 kernel: xhci_hcd 0000:74:00.0: hcc params 0x0200ef81 hci version 0x120 quirks 0x0000000200000010
May 04 11:55:57 kernel: xhci_hcd 0000:74:00.0: xHCI Host Controller
May 04 11:55:57 kernel: xhci_hcd 0000:74:00.0: new USB bus registered, assigned bus number 4
May 04 11:55:57 kernel: xhci_hcd 0000:74:00.0: Host supports USB 3.2 Enhanced SuperSpeed
May 04 11:55:57 kernel: usb usb3: New USB device found, idVendor=1d6b, idProduct=0002, bcdDevice= 6.13
May 04 11:55:57 kernel: usb usb3: New USB device strings: Mfr=3, Product=2, SerialNumber=1
May 04 11:55:57 kernel: usb usb3: Product: xHCI Host Controller
May 04 11:55:57 kernel: usb usb3: Manufacturer: Linux 6.13.11-200.fc41.x86_64 xhci-hcd
May 04 11:55:57 kernel: usb usb3: SerialNumber: 0000:74:00.0
May 04 11:55:57 kernel: hub 3-0:1.0: USB hub found
May 04 11:55:57 kernel: hub 3-0:1.0: 2 ports detected
May 04 11:55:57 kernel: usb usb4: We don't know the algorithms for LPM for this host, disabling LPM.
May 04 11:55:57 kernel: usb usb4: New USB device found, idVendor=1d6b, idProduct=0003, bcdDevice= 6.13
May 04 11:55:57 kernel: usb usb4: New USB device strings: Mfr=3, Product=2, SerialNumber=1
May 04 11:55:57 kernel: usb usb4: Product: xHCI Host Controller
May 04 11:55:57 kernel: usb usb4: Manufacturer: Linux 6.13.11-200.fc41.x86_64 xhci-hcd
May 04 11:55:57 kernel: usb usb4: SerialNumber: 0000:74:00.0
May 04 11:55:57 kernel: hub 4-0:1.0: USB hub found
May 04 11:55:57 kernel: hub 4-0:1.0: 2 ports detected
May 04 11:55:57 kernel: xhci_hcd 0000:76:00.3: xHCI Host Controller
May 04 11:55:57 kernel: xhci_hcd 0000:76:00.3: new USB bus registered, assigned bus number 5
May 04 11:55:57 kernel: xhci_hcd 0000:76:00.3: hcc params 0x0120ffc5 hci version 0x120 quirks 0x0000000200000010
May 04 11:55:57 kernel: xhci_hcd 0000:76:00.3: xHCI Host Controller
May 04 11:55:57 kernel: xhci_hcd 0000:76:00.3: new USB bus registered, assigned bus number 6
May 04 11:55:57 kernel: xhci_hcd 0000:76:00.3: Host supports USB 3.1 Enhanced SuperSpeed
May 04 11:55:57 kernel: usb usb5: New USB device found, idVendor=1d6b, idProduct=0002, bcdDevice= 6.13
May 04 11:55:57 kernel: usb usb5: New USB device strings: Mfr=3, Product=2, SerialNumber=1
May 04 11:55:57 kernel: usb usb5: Product: xHCI Host Controller
May 04 11:55:57 kernel: usb usb5: Manufacturer: Linux 6.13.11-200.fc41.x86_64 xhci-hcd
May 04 11:55:57 kernel: usb usb5: SerialNumber: 0000:76:00.3
May 04 11:55:57 kernel: hub 5-0:1.0: USB hub found
May 04 11:55:57 kernel: hub 5-0:1.0: 2 ports detected
May 04 11:55:57 kernel: usb usb6: We don't know the algorithms for LPM for this host, disabling LPM.
May 04 11:55:57 kernel: usb usb6: New USB device found, idVendor=1d6b, idProduct=0003, bcdDevice= 6.13
May 04 11:55:57 kernel: usb usb6: New USB device strings: Mfr=3, Product=2, SerialNumber=1
May 04 11:55:57 kernel: usb usb6: Product: xHCI Host Controller
May 04 11:55:57 kernel: usb usb6: Manufacturer: Linux 6.13.11-200.fc41.x86_64 xhci-hcd
May 04 11:55:57 kernel: usb usb6: SerialNumber: 0000:76:00.3
May 04 11:55:57 kernel: hub 6-0:1.0: USB hub found
May 04 11:55:57 kernel: hub 6-0:1.0: 2 ports detected
May 04 11:55:57 kernel: xhci_hcd 0000:76:00.4: xHCI Host Controller
May 04 11:55:57 kernel: xhci_hcd 0000:76:00.4: new USB bus registered, assigned bus number 7
May 04 11:55:57 kernel: xhci_hcd 0000:76:00.4: hcc params 0x0120ffc5 hci version 0x120 quirks 0x0000000200000010
May 04 11:55:57 kernel: xhci_hcd 0000:76:00.4: xHCI Host Controller
May 04 11:55:57 kernel: xhci_hcd 0000:76:00.4: new USB bus registered, assigned bus number 8
May 04 11:55:57 kernel: xhci_hcd 0000:76:00.4: Host supports USB 3.1 Enhanced SuperSpeed
May 04 11:55:57 kernel: usb usb7: New USB device found, idVendor=1d6b, idProduct=0002, bcdDevice= 6.13
May 04 11:55:57 kernel: usb usb7: New USB device strings: Mfr=3, Product=2, SerialNumber=1
May 04 11:55:57 kernel: usb usb7: Product: xHCI Host Controller
May 04 11:55:57 kernel: usb usb7: Manufacturer: Linux 6.13.11-200.fc41.x86_64 xhci-hcd
May 04 11:55:57 kernel: usb usb7: SerialNumber: 0000:76:00.4
May 04 11:55:57 kernel: hub 7-0:1.0: USB hub found
May 04 11:55:57 kernel: hub 7-0:1.0: 2 ports detected
May 04 11:55:57 kernel: usb usb8: We don't know the algorithms for LPM for this host, disabling LPM.
May 04 11:55:57 kernel: usb usb8: New USB device found, idVendor=1d6b, idProduct=0003, bcdDevice= 6.13
May 04 11:55:57 kernel: usb usb8: New USB device strings: Mfr=3, Product=2, SerialNumber=1
May 04 11:55:57 kernel: usb usb8: Product: xHCI Host Controller
May 04 11:55:57 kernel: usb usb8: Manufacturer: Linux 6.13.11-200.fc41.x86_64 xhci-hcd
May 04 11:55:57 kernel: usb usb8: SerialNumber: 0000:76:00.4
May 04 11:55:57 kernel: hub 8-0:1.0: USB hub found
May 04 11:55:57 kernel: hub 8-0:1.0: 2 ports detected
May 04 11:55:57 kernel: xhci_hcd 0000:77:00.0: xHCI Host Controller
May 04 11:55:57 kernel: xhci_hcd 0000:77:00.0: new USB bus registered, assigned bus number 9
May 04 11:55:57 kernel: xhci_hcd 0000:77:00.0: USB3 root hub has no ports
May 04 11:55:57 kernel: xhci_hcd 0000:77:00.0: hcc params 0x0110ffc5 hci version 0x120 quirks 0x0000000200000010
May 04 11:55:57 kernel: xhci_hcd 0000:77:00.0: xHCI Host Controller
May 04 11:55:57 kernel: xhci_hcd 0000:77:00.0: new USB bus registered, assigned bus number 10
May 04 11:55:57 kernel: xhci_hcd 0000:77:00.0: Host supports USB 3.0 SuperSpeed
May 04 11:55:57 kernel: usb usb9: New USB device found, idVendor=1d6b, idProduct=0002, bcdDevice= 6.13
May 04 11:55:57 kernel: usb usb9: New USB device strings: Mfr=3, Product=2, SerialNumber=1
May 04 11:55:57 kernel: usb usb9: Product: xHCI Host Controller
May 04 11:55:57 kernel: usb usb9: Manufacturer: Linux 6.13.11-200.fc41.x86_64 xhci-hcd
May 04 11:55:57 kernel: usb usb9: SerialNumber: 0000:77:00.0
May 04 11:55:57 kernel: hub 9-0:1.0: USB hub found
May 04 11:55:57 kernel: hub 9-0:1.0: 1 port detected
May 04 11:55:57 kernel: usb usb10: We don't know the algorithms for LPM for this host, disabling LPM.
May 04 11:55:57 kernel: usb usb10: New USB device found, idVendor=1d6b, idProduct=0003, bcdDevice= 6.13
May 04 11:55:57 kernel: usb usb10: New USB device strings: Mfr=3, Product=2, SerialNumber=1
May 04 11:55:57 kernel: usb usb10: Product: xHCI Host Controller
May 04 11:55:57 kernel: usb usb10: Manufacturer: Linux 6.13.11-200.fc41.x86_64 xhci-hcd
May 04 11:55:57 kernel: usb usb10: SerialNumber: 0000:77:00.0
May 04 11:55:57 kernel: hub 10-0:1.0: USB hub found
May 04 11:55:57 kernel: hub 10-0:1.0: config failed, hub doesn't have any ports! (err -19)
May 04 11:55:57 kernel: usbcore: registered new interface driver usbserial_generic
May 04 11:55:57 kernel: usbserial: USB Serial support registered for generic
May 04 11:55:57 kernel: i8042: PNP: No PS/2 controller found.
May 04 11:55:57 kernel: mousedev: PS/2 mouse device common for all mice
May 04 11:55:57 kernel: rtc_cmos 00:02: RTC can wake from S4
May 04 11:55:57 kernel: rtc_cmos 00:02: registered as rtc0
May 04 11:55:57 kernel: rtc_cmos 00:02: setting system clock to 2025-05-04T18:55:49 UTC (1746384949)
May 04 11:55:57 kernel: rtc_cmos 00:02: alarms up to one month, y3k, 114 bytes nvram
May 04 11:55:57 kernel: device-mapper: core: CONFIG_IMA_DISABLE_HTABLE is disabled. Duplicate IMA measurements will not be recorded in the IMA log.
May 04 11:55:57 kernel: device-mapper: uevent: version 1.0.3
May 04 11:55:57 kernel: device-mapper: ioctl: 4.48.0-ioctl (2023-03-01) initialised: dm-devel@lists.linux.dev
May 04 11:55:57 kernel: simple-framebuffer simple-framebuffer.0: [drm] Registered 1 planes with drm panic
May 04 11:55:57 kernel: [drm] Initialized simpledrm 1.0.0 for simple-framebuffer.0 on minor 0
May 04 11:55:57 kernel: fbcon: Deferring console take-over
May 04 11:55:57 kernel: simple-framebuffer simple-framebuffer.0: [drm] fb0: simpledrmdrmfb frame buffer device
May 04 11:55:57 kernel: ccp 0000:76:00.2: enabling device (0000 -> 0002)
May 04 11:55:57 kernel: ccp 0000:76:00.2: tee enabled
May 04 11:55:57 kernel: ccp 0000:76:00.2: psp enabled
May 04 11:55:57 kernel: hid: raw HID events driver (C) Jiri Kosina
May 04 11:55:57 kernel: usbcore: registered new interface driver usbhid
May 04 11:55:57 kernel: usbhid: USB HID core driver
May 04 11:55:57 kernel: drop_monitor: Initializing network drop monitor service
May 04 11:55:57 kernel: Initializing XFRM netlink socket
May 04 11:55:57 kernel: NET: Registered PF_INET6 protocol family
May 04 11:55:57 kernel: Segment Routing with IPv6
May 04 11:55:57 kernel: RPL Segment Routing with IPv6
May 04 11:55:57 kernel: In-situ OAM (IOAM) with IPv6
May 04 11:55:57 kernel: mip6: Mobile IPv6
May 04 11:55:57 kernel: NET: Registered PF_PACKET protocol family
May 04 11:55:57 kernel: microcode: Current revision: 0x0b404023
May 04 11:55:57 kernel: resctrl: L3 allocation detected
May 04 11:55:57 kernel: resctrl: MB allocation detected
May 04 11:55:57 kernel: resctrl: SMBA allocation detected
May 04 11:55:57 kernel: resctrl: L3 monitoring detected
May 04 11:55:57 kernel: IPI shorthand broadcast: enabled
May 04 11:55:57 kernel: sched_clock: Marking stable (2669180924, 1397847)->(2672313356, -1734585)
May 04 11:55:57 kernel: registered taskstats version 1
May 04 11:55:57 kernel: Loading compiled-in X.509 certificates
May 04 11:55:57 kernel: Loaded X.509 cert 'Fedora kernel signing key: bd30f75f30ce0efc80091488768ebb0c3d0fe7a9'
May 04 11:55:57 kernel: Loaded X.509 cert 'Fedora IMA CA: a8a00c31663f853f9c6ff2564872e378af026b28'
May 04 11:55:57 kernel: Demotion targets for Node 0: null
May 04 11:55:57 kernel: page_owner is disabled
May 04 11:55:57 kernel: Key type .fscrypt registered
May 04 11:55:57 kernel: Key type fscrypt-provisioning registered
May 04 11:55:57 kernel: Btrfs loaded, zoned=yes, fsverity=yes
May 04 11:55:57 kernel: Key type big_key registered
May 04 11:55:57 kernel: Key type trusted registered
May 04 11:55:57 kernel: Key type encrypted registered
May 04 11:55:57 kernel: Loading compiled-in module X.509 certificates
May 04 11:55:57 kernel: Loaded X.509 cert 'Fedora kernel signing key: bd30f75f30ce0efc80091488768ebb0c3d0fe7a9'
May 04 11:55:57 kernel: ima: Allocated hash algorithm: sha256
May 04 11:55:57 kernel: ima: No architecture policies found
May 04 11:55:57 kernel: evm: Initialising EVM extended attributes:
May 04 11:55:57 kernel: evm: security.selinux
May 04 11:55:57 kernel: evm: security.SMACK64 (disabled)
May 04 11:55:57 kernel: evm: security.SMACK64EXEC (disabled)
May 04 11:55:57 kernel: evm: security.SMACK64TRANSMUTE (disabled)
May 04 11:55:57 kernel: evm: security.SMACK64MMAP (disabled)
May 04 11:55:57 kernel: evm: security.apparmor (disabled)
May 04 11:55:57 kernel: evm: security.ima
May 04 11:55:57 kernel: evm: security.capability
May 04 11:55:57 kernel: evm: HMAC attrs: 0x1
May 04 11:55:57 kernel: alg: No test for 842 (842-scomp)
May 04 11:55:57 kernel: alg: No test for 842 (842-generic)
May 04 11:55:57 kernel: PM:   Magic number: 9:95:948
May 04 11:55:57 kernel: cpuid cpu3: hash matches
May 04 11:55:57 kernel: tty tty5: hash matches
May 04 11:55:57 kernel: processor cpu3: hash matches
May 04 11:55:57 kernel: memory memory1: hash matches
May 04 11:55:57 kernel: RAS: Correctable Errors collector initialized.
May 04 11:55:57 kernel: clk: Disabling unused clocks
May 04 11:55:57 kernel: PM: genpd: Disabling unused power domains
May 04 11:55:57 kernel: pci_bus 0000:06: Allocating resources
May 04 11:55:57 kernel: usb 7-1: new high-speed USB device number 2 using xhci_hcd
May 04 11:55:57 kernel: usb 1-2: new high-speed USB device number 2 using xhci_hcd
May 04 11:55:57 kernel: usb 7-1: New USB device found, idVendor=05e3, idProduct=0610, bcdDevice= 6.63
May 04 11:55:57 kernel: usb 7-1: New USB device strings: Mfr=1, Product=2, SerialNumber=0
May 04 11:55:57 kernel: usb 7-1: Product: USB2.1 Hub
May 04 11:55:57 kernel: usb 7-1: Manufacturer: GenesysLogic
May 04 11:55:57 kernel: ata1: SATA link up 6.0 Gbps (SStatus 133 SControl 300)
May 04 11:55:57 kernel: ata1.00: Model 'Samsung SSD 860 EVO 1TB', rev 'RVT04B6Q', applying quirks: noncqtrim zeroaftertrim noncqonati nolpmonati
May 04 11:55:57 kernel: ata1.00: supports DRM functions and may not be fully accessible
May 04 11:55:57 kernel: ata1.00: ATA-11: Samsung SSD 860 EVO 1TB, RVT04B6Q, max UDMA/133
May 04 11:55:57 kernel: ata1.00: 1953525168 sectors, multi 1: LBA48 NCQ (depth 32), AA
May 04 11:55:57 kernel: ata1.00: Features: Trust Dev-Sleep NCQ-sndrcv
May 04 11:55:57 kernel: ata1.00: supports DRM functions and may not be fully accessible
May 04 11:55:57 kernel: ata1.00: configured for UDMA/133
May 04 11:55:57 kernel: scsi 0:0:0:0: Direct-Access     ATA      Samsung SSD 860  4B6Q PQ: 0 ANSI: 5
May 04 11:55:57 kernel: ata1.00: Enabling discard_zeroes_data
May 04 11:55:57 kernel: sd 0:0:0:0: [sda] 1953525168 512-byte logical blocks: (1.00 TB/932 GiB)
May 04 11:55:57 kernel: sd 0:0:0:0: [sda] Write Protect is off
May 04 11:55:57 kernel: sd 0:0:0:0: [sda] Mode Sense: 00 3a 00 00
May 04 11:55:57 kernel: sd 0:0:0:0: [sda] Write cache: enabled, read cache: enabled, doesn't support DPO or FUA
May 04 11:55:57 kernel: sd 0:0:0:0: [sda] Preferred minimum I/O size 512 bytes
May 04 11:55:57 kernel: sd 0:0:0:0: Attached scsi generic sg0 type 0
May 04 11:55:57 kernel: ata1.00: Enabling discard_zeroes_data
May 04 11:55:57 kernel: hub 7-1:1.0: USB hub found
May 04 11:55:57 kernel: hub 7-1:1.0: 4 ports detected
May 04 11:55:57 kernel:  sda: sda1 sda2 sda3
May 04 11:55:57 kernel: sd 0:0:0:0: [sda] supports TCG Opal
May 04 11:55:57 kernel: sd 0:0:0:0: [sda] Attached SCSI disk
May 04 11:55:57 kernel: usb 8-1: new SuperSpeed USB device number 2 using xhci_hcd
May 04 11:55:57 kernel: usb 8-1: New USB device found, idVendor=05e3, idProduct=0626, bcdDevice= 6.63
May 04 11:55:57 kernel: usb 8-1: New USB device strings: Mfr=1, Product=2, SerialNumber=0
May 04 11:55:57 kernel: usb 8-1: Product: USB3.1 Hub
May 04 11:55:57 kernel: usb 8-1: Manufacturer: GenesysLogic
May 04 11:55:57 kernel: hub 8-1:1.0: USB hub found
May 04 11:55:57 kernel: hub 8-1:1.0: 4 ports detected
May 04 11:55:57 kernel: usb 7-1.3: new full-speed USB device number 3 using xhci_hcd
May 04 11:55:57 kernel: usb 7-1.3: New USB device found, idVendor=08bb, idProduct=2704, bcdDevice= 1.00
May 04 11:55:57 kernel: usb 7-1.3: New USB device strings: Mfr=1, Product=2, SerialNumber=0
May 04 11:55:57 kernel: usb 7-1.3: Product: Audioengine 2+  
May 04 11:55:57 kernel: usb 7-1.3: Manufacturer: Audioengine                     
May 04 11:55:57 kernel: ata2: SATA link up 6.0 Gbps (SStatus 133 SControl 300)
May 04 11:55:57 kernel: ata2.00: Model 'Samsung SSD 860 EVO 1TB', rev 'RVT04B6Q', applying quirks: noncqtrim zeroaftertrim noncqonati nolpmonati
May 04 11:55:57 kernel: ata2.00: supports DRM functions and may not be fully accessible
May 04 11:55:57 kernel: ata2.00: ATA-11: Samsung SSD 860 EVO 1TB, RVT04B6Q, max UDMA/133
May 04 11:55:57 kernel: ata2.00: 1953525168 sectors, multi 1: LBA48 NCQ (depth 32), AA
May 04 11:55:57 kernel: ata2.00: Features: Trust Dev-Sleep NCQ-sndrcv
May 04 11:55:57 kernel: ata2.00: supports DRM functions and may not be fully accessible
May 04 11:55:57 kernel: ata2.00: configured for UDMA/133
May 04 11:55:57 kernel: scsi 1:0:0:0: Direct-Access     ATA      Samsung SSD 860  4B6Q PQ: 0 ANSI: 5
May 04 11:55:57 kernel: ata2.00: Enabling discard_zeroes_data
May 04 11:55:57 kernel: sd 1:0:0:0: Attached scsi generic sg1 type 0
May 04 11:55:57 kernel: sd 1:0:0:0: [sdb] 1953525168 512-byte logical blocks: (1.00 TB/932 GiB)
May 04 11:55:57 kernel: sd 1:0:0:0: [sdb] Write Protect is off
May 04 11:55:57 kernel: sd 1:0:0:0: [sdb] Mode Sense: 00 3a 00 00
May 04 11:55:57 kernel: sd 1:0:0:0: [sdb] Write cache: enabled, read cache: enabled, doesn't support DPO or FUA
May 04 11:55:57 kernel: sd 1:0:0:0: [sdb] Preferred minimum I/O size 512 bytes
May 04 11:55:57 kernel: ata2.00: Enabling discard_zeroes_data
